code identity: MATCH ae7c9aee82176521325c59ab9f90358d69d6648c39aca51810bcc72d96a86ac5
arm configs: MATCH
OK  overlap_batch normal stop_and_wait+F1+F6 seed=1400001 hash=bb1c008c5b450afe 
OK  overlap_batch normal stop_and_wait+F1+F6 seed=1400002 hash=a8dc2475f5159a77 
OK  overlap_batch normal stop_and_wait+F1+F6 seed=1400003 hash=b1cb6fedb0efbc5e 
OK  overlap_batch normal stop_and_wait+F1+F6 seed=1400004 hash=4260b30634061fc7 
OK  overlap_batch normal stop_and_wait+F1+F6 seed=1400005 hash=2c038f03dcf9e754 
OK  overlap_batch normal stop_and_wait+F1+F6 seed=1400006 hash=59b489ccbda25dfb 
OK  overlap_batch normal stop_and_wait+F1+F6 seed=1400007 hash=9b7b725de88dddcc 
OK  overlap_batch normal stop_and_wait+F1+F6 seed=1400008 hash=42977137bdfa6b99 
OK  overlap_batch normal stop_and_wait+F1+F6 seed=1400009 hash=bd59730c07072faf 
OK  overlap_batch normal stop_and_wait+F1+F6 seed=1400010 hash=6a5ac5425222c955 
OK  overlap_batch normal stop_and_wait+F1+F6 seed=1400011 hash=414b229cc3d185e7 
OK  overlap_batch normal stop_and_wait+F1+F6 seed=1400012 hash=714c6000855f7bee 
OK  overlap_batch normal stop_and_wait+F1+F6 seed=1400013 hash=7e6314cf910026e7 
OK  overlap_batch normal stop_and_wait+F1+F6 seed=1400014 hash=4d5434d8f6aa9bf8 
OK  overlap_batch normal stop_and_wait+F1+F6 seed=1400015 hash=810ae7f0a1c2a666 
OK  overlap_batch normal stop_and_wait+F1+F6 seed=1400016 hash=51470e614ae12ebb 
OK  overlap_batch normal stop_and_wait+F1+F6 seed=1400017 hash=157aa97439f3529d 
OK  overlap_batch normal stop_and_wait+F1+F6 seed=1400018 hash=58f23cb0babb0eaa 
OK  overlap_batch normal stop_and_wait+F1+F6 seed=1400019 hash=85ce47076f9e56a5 
OK  overlap_batch normal stop_and_wait+F1+F6 seed=1400020 hash=755f5a0c2bb7bb7b 
OK  overlap_batch normal stop_and_wait+F1+F6 seed=1400021 hash=a37c900c6182df6d 
OK  overlap_batch normal stop_and_wait+F1+F6 seed=1400022 hash=d8eb03bef079cb4a 
OK  overlap_batch normal stop_and_wait+F1+F6 seed=1400023 hash=10563e45ab46ab4f 
OK  overlap_batch normal stop_and_wait+F1+F6 seed=1400024 hash=33f785584ad23e4d 
OK  overlap_batch normal stop_and_wait+F1+F6 seed=1400025 hash=eff738df823e0e52 
OK  overlap_batch normal stop_and_wait+F1+F6 seed=1400026 hash=1abf5e4f5b0a3db2 
OK  overlap_batch normal stop_and_wait+F1+F6 seed=1400027 hash=cd6ec8521c1875d6 
OK  overlap_batch normal stop_and_wait+F1+F6 seed=1400028 hash=e1b9853012ae00a9 
OK  overlap_batch normal stop_and_wait+F1+F6 seed=1400029 hash=2bcbd1e0392ba294 
OK  overlap_batch normal stop_and_wait+F1+F6 seed=1400030 hash=a8f50dd74c04d447 
OK  overlap_batch normal stop_and_wait+F1+F6 seed=1400031 hash=a5a0e0c9251fa94a 
OK  overlap_batch normal stop_and_wait+F1+F6 seed=1400032 hash=85fc3fc5a7bc7cc5 
OK  overlap_batch normal stop_and_wait+F1+F6 seed=1400033 hash=206c27bddf04fde5 
OK  overlap_batch normal stop_and_wait+F1+F6 seed=1400034 hash=9db18faca7add267 
OK  overlap_batch normal stop_and_wait+F1+F6 seed=1400035 hash=2143dc68f56034b9 
OK  overlap_batch normal stop_and_wait+F1+F6 seed=1400036 hash=7b64df787203786b 
OK  overlap_batch normal stop_and_wait+F1+F6 seed=1400037 hash=e56fbbdca45c968a 
OK  overlap_batch normal stop_and_wait+F1+F6 seed=1400038 hash=32853416769784e7 
OK  overlap_batch normal stop_and_wait+F1+F6 seed=1400039 hash=607ae19d3256cf11 
OK  overlap_batch normal stop_and_wait+F1+F6 seed=1400040 hash=d2c29fb9805cefb2 
OK  overlap_batch normal swarmos seed=1400001 hash=d9403ba1d09dc411 
OK  overlap_batch normal swarmos seed=1400002 hash=7bf681a913923ae0 
OK  overlap_batch normal swarmos seed=1400003 hash=d19ced1efaf697ff 
OK  overlap_batch normal swarmos seed=1400004 hash=402df7ae742d76a0 
OK  overlap_batch normal swarmos seed=1400005 hash=0f0846dc989dfe72 
OK  overlap_batch normal swarmos seed=1400006 hash=e794544d26d6d104 
OK  overlap_batch normal swarmos seed=1400007 hash=dad580e2a1a0607e 
OK  overlap_batch normal swarmos seed=1400008 hash=a239b9010b64694d 
OK  overlap_batch normal swarmos seed=1400009 hash=e8b34f9041b8ad17 
OK  overlap_batch normal swarmos seed=1400010 hash=289b344e0d99636a 
OK  overlap_batch normal swarmos seed=1400011 hash=d95f822f483e73db 
OK  overlap_batch normal swarmos seed=1400012 hash=47c31214c5ce1a7f 
OK  overlap_batch normal swarmos seed=1400013 hash=1852b81496027ad4 
OK  overlap_batch normal swarmos seed=1400014 hash=eafe6d6c3a350574 
OK  overlap_batch normal swarmos seed=1400015 hash=2d1dd6307e79dd3b 
OK  overlap_batch normal swarmos seed=1400016 hash=81de4f92acc1b44e 
OK  overlap_batch normal swarmos seed=1400017 hash=a1e3762ba827399a 
OK  overlap_batch normal swarmos seed=1400018 hash=4c3d02236a81ed93 
OK  overlap_batch normal swarmos seed=1400019 hash=2736e5b02dabd471 
OK  overlap_batch normal swarmos seed=1400020 hash=8d099c719e4d374d 
OK  overlap_batch normal swarmos seed=1400021 hash=4545fb919efd8def 
OK  overlap_batch normal swarmos seed=1400022 hash=62bbd07cd7d2083e 
OK  overlap_batch normal swarmos seed=1400023 hash=915e1b458a6dfec2 
OK  overlap_batch normal swarmos seed=1400024 hash=f6da162606d32fe2 
OK  overlap_batch normal swarmos seed=1400025 hash=81e4856117028f35 
OK  overlap_batch normal swarmos seed=1400026 hash=f4678838f805937c 
OK  overlap_batch normal swarmos seed=1400027 hash=965ba556c3a8f4cf 
OK  overlap_batch normal swarmos seed=1400028 hash=d438abdd25f5b0c2 
OK  overlap_batch normal swarmos seed=1400029 hash=14aa7947871d2b81 
OK  overlap_batch normal swarmos seed=1400030 hash=e94e9d754b772cfb 
OK  overlap_batch normal swarmos seed=1400031 hash=67811dea52936d3e 
OK  overlap_batch normal swarmos seed=1400032 hash=7e81192b0b78973a 
OK  overlap_batch normal swarmos seed=1400033 hash=dc714c46510acc81 
OK  overlap_batch normal swarmos seed=1400034 hash=217aa220698d1e41 
OK  overlap_batch normal swarmos seed=1400035 hash=f38680d0007681c2 
OK  overlap_batch normal swarmos seed=1400036 hash=24fc97f34ac5b899 
OK  overlap_batch normal swarmos seed=1400037 hash=bbfc1ba000ea4a09 
OK  overlap_batch normal swarmos seed=1400038 hash=d3ec4271be9a67f2 
OK  overlap_batch normal swarmos seed=1400039 hash=92acb557fb2bc508 
OK  overlap_batch normal swarmos seed=1400040 hash=6b10f38e780c7ba9 
OK  overlap_batch normal swarmos+EAI seed=1400001 hash=d9403ba1d09dc411 
OK  overlap_batch normal swarmos+EAI seed=1400002 hash=7bf681a913923ae0 
OK  overlap_batch normal swarmos+EAI seed=1400003 hash=d19ced1efaf697ff 
OK  overlap_batch normal swarmos+EAI seed=1400004 hash=402df7ae742d76a0 
OK  overlap_batch normal swarmos+EAI seed=1400005 hash=0f0846dc989dfe72 
OK  overlap_batch normal swarmos+EAI seed=1400006 hash=e794544d26d6d104 
OK  overlap_batch normal swarmos+EAI seed=1400007 hash=dad580e2a1a0607e 
OK  overlap_batch normal swarmos+EAI seed=1400008 hash=a239b9010b64694d 
OK  overlap_batch normal swarmos+EAI seed=1400009 hash=e8b34f9041b8ad17 
OK  overlap_batch normal swarmos+EAI seed=1400010 hash=289b344e0d99636a 
OK  overlap_batch normal swarmos+EAI seed=1400011 hash=d95f822f483e73db 
OK  overlap_batch normal swarmos+EAI seed=1400012 hash=47c31214c5ce1a7f 
OK  overlap_batch normal swarmos+EAI seed=1400013 hash=1852b81496027ad4 
OK  overlap_batch normal swarmos+EAI seed=1400014 hash=eafe6d6c3a350574 
OK  overlap_batch normal swarmos+EAI seed=1400015 hash=2d1dd6307e79dd3b 
OK  overlap_batch normal swarmos+EAI seed=1400016 hash=81de4f92acc1b44e 
OK  overlap_batch normal swarmos+EAI seed=1400017 hash=a1e3762ba827399a 
OK  overlap_batch normal swarmos+EAI seed=1400018 hash=4c3d02236a81ed93 
OK  overlap_batch normal swarmos+EAI seed=1400019 hash=2736e5b02dabd471 
OK  overlap_batch normal swarmos+EAI seed=1400020 hash=8d099c719e4d374d 
OK  overlap_batch normal swarmos+EAI seed=1400021 hash=4545fb919efd8def 
OK  overlap_batch normal swarmos+EAI seed=1400022 hash=62bbd07cd7d2083e 
OK  overlap_batch normal swarmos+EAI seed=1400023 hash=915e1b458a6dfec2 
OK  overlap_batch normal swarmos+EAI seed=1400024 hash=f6da162606d32fe2 
OK  overlap_batch normal swarmos+EAI seed=1400025 hash=81e4856117028f35 
OK  overlap_batch normal swarmos+EAI seed=1400026 hash=f4678838f805937c 
OK  overlap_batch normal swarmos+EAI seed=1400027 hash=965ba556c3a8f4cf 
OK  overlap_batch normal swarmos+EAI seed=1400028 hash=d438abdd25f5b0c2 
OK  overlap_batch normal swarmos+EAI seed=1400029 hash=14aa7947871d2b81 
OK  overlap_batch normal swarmos+EAI seed=1400030 hash=e94e9d754b772cfb 
OK  overlap_batch normal swarmos+EAI seed=1400031 hash=67811dea52936d3e 
OK  overlap_batch normal swarmos+EAI seed=1400032 hash=7e81192b0b78973a 
OK  overlap_batch normal swarmos+EAI seed=1400033 hash=dc714c46510acc81 
OK  overlap_batch normal swarmos+EAI seed=1400034 hash=217aa220698d1e41 
OK  overlap_batch normal swarmos+EAI seed=1400035 hash=f38680d0007681c2 
OK  overlap_batch normal swarmos+EAI seed=1400036 hash=24fc97f34ac5b899 
OK  overlap_batch normal swarmos+EAI seed=1400037 hash=bbfc1ba000ea4a09 
OK  overlap_batch normal swarmos+EAI seed=1400038 hash=d3ec4271be9a67f2 
OK  overlap_batch normal swarmos+EAI seed=1400039 hash=92acb557fb2bc508 
OK  overlap_batch normal swarmos+EAI seed=1400040 hash=6b10f38e780c7ba9 
OK  overlap_batch normal swarmos+EAI+PC seed=1400001 hash=305a64e7e5e4bf40 
OK  overlap_batch normal swarmos+EAI+PC seed=1400002 hash=969a9e0acd358d15 
OK  overlap_batch normal swarmos+EAI+PC seed=1400003 hash=6b8b6e02d3d72897 
OK  overlap_batch normal swarmos+EAI+PC seed=1400004 hash=fe5e92446789c45f 
OK  overlap_batch normal swarmos+EAI+PC seed=1400005 hash=7063ca918cf5d7be 
OK  overlap_batch normal swarmos+EAI+PC seed=1400006 hash=865aa5b9a60611de 
OK  overlap_batch normal swarmos+EAI+PC seed=1400007 hash=07dafbe7f552a528 
OK  overlap_batch normal swarmos+EAI+PC seed=1400008 hash=25ada0014fc08917 
OK  overlap_batch normal swarmos+EAI+PC seed=1400009 hash=024200b839434fc4 
OK  overlap_batch normal swarmos+EAI+PC seed=1400010 hash=dcb67caeef0cebbc 
OK  overlap_batch normal swarmos+EAI+PC seed=1400011 hash=f9a92627b8407cb8 
OK  overlap_batch normal swarmos+EAI+PC seed=1400012 hash=5a84919f6be1f5c5 
OK  overlap_batch normal swarmos+EAI+PC seed=1400013 hash=008d6ee349ab0281 
OK  overlap_batch normal swarmos+EAI+PC seed=1400014 hash=f1cd5ec85f698ed0 
OK  overlap_batch normal swarmos+EAI+PC seed=1400015 hash=2242d525c2a7b78c 
OK  overlap_batch normal swarmos+EAI+PC seed=1400016 hash=aaa9e5d749a308ff 
OK  overlap_batch normal swarmos+EAI+PC seed=1400017 hash=237c5a314fe6cb32 
OK  overlap_batch normal swarmos+EAI+PC seed=1400018 hash=13c34bd332cad19b 
OK  overlap_batch normal swarmos+EAI+PC seed=1400019 hash=246a102a70047454 
OK  overlap_batch normal swarmos+EAI+PC seed=1400020 hash=bfb513a1ced4f992 
OK  overlap_batch normal swarmos+EAI+PC seed=1400021 hash=3b3b63446405e9fd 
OK  overlap_batch normal swarmos+EAI+PC seed=1400022 hash=0cb031feb7b5d787 
OK  overlap_batch normal swarmos+EAI+PC seed=1400023 hash=d1b94765e83bd362 
OK  overlap_batch normal swarmos+EAI+PC seed=1400024 hash=9e1af9c71c3eb54b 
OK  overlap_batch normal swarmos+EAI+PC seed=1400025 hash=df4d89e18f4e6173 
OK  overlap_batch normal swarmos+EAI+PC seed=1400026 hash=7f691523b68d9aa1 
OK  overlap_batch normal swarmos+EAI+PC seed=1400027 hash=bb0a05cd2be636f1 
OK  overlap_batch normal swarmos+EAI+PC seed=1400028 hash=1381038bf5632164 
OK  overlap_batch normal swarmos+EAI+PC seed=1400029 hash=a3c3ab8906f9fd3f 
OK  overlap_batch normal swarmos+EAI+PC seed=1400030 hash=812dbf9a856ce9ca 
OK  overlap_batch normal swarmos+EAI+PC seed=1400031 hash=aacaaca61b85e732 
OK  overlap_batch normal swarmos+EAI+PC seed=1400032 hash=bf0bca76a12322e5 
OK  overlap_batch normal swarmos+EAI+PC seed=1400033 hash=3bf34376274d0540 
OK  overlap_batch normal swarmos+EAI+PC seed=1400034 hash=a6cc577f2db0e43d 
OK  overlap_batch normal swarmos+EAI+PC seed=1400035 hash=2b5ef10789a421f8 
OK  overlap_batch normal swarmos+EAI+PC seed=1400036 hash=1a932fea61e6cf14 
OK  overlap_batch normal swarmos+EAI+PC seed=1400037 hash=1149413605c9d506 
OK  overlap_batch normal swarmos+EAI+PC seed=1400038 hash=73b71c205007af29 
OK  overlap_batch normal swarmos+EAI+PC seed=1400039 hash=3e8e4e1c26e4f941 
OK  overlap_batch normal swarmos+EAI+PC seed=1400040 hash=0b9ee8c3fd017184 
OK  overlap_batch normal swarmos+AU seed=1400001 hash=ae669becd72206ee 
OK  overlap_batch normal swarmos+AU seed=1400002 hash=45258dd24ce7fb29 
OK  overlap_batch normal swarmos+AU seed=1400003 hash=4549da9a908d2f35 
OK  overlap_batch normal swarmos+AU seed=1400004 hash=9b9ed4776cd0ce1d 
OK  overlap_batch normal swarmos+AU seed=1400005 hash=846ef86517ef7ae4 
OK  overlap_batch normal swarmos+AU seed=1400006 hash=d473b3dd3f42b383 
OK  overlap_batch normal swarmos+AU seed=1400007 hash=a106a7c42d35e933 
OK  overlap_batch normal swarmos+AU seed=1400008 hash=85701c4881589113 
OK  overlap_batch normal swarmos+AU seed=1400009 hash=4fcd0ea570ed3d2f 
OK  overlap_batch normal swarmos+AU seed=1400010 hash=4cc51555dc890289 
OK  overlap_batch normal swarmos+AU seed=1400011 hash=db0595718866eabf 
OK  overlap_batch normal swarmos+AU seed=1400012 hash=07ab75db7c9928a2 
OK  overlap_batch normal swarmos+AU seed=1400013 hash=b5ae47ab3c8c0dd0 
OK  overlap_batch normal swarmos+AU seed=1400014 hash=21dbb704dadd0805 
OK  overlap_batch normal swarmos+AU seed=1400015 hash=1f0ce4a38221d8e9 
OK  overlap_batch normal swarmos+AU seed=1400016 hash=00acdca4f1b17b3e 
OK  overlap_batch normal swarmos+AU seed=1400017 hash=6f693ff271ffe23b 
OK  overlap_batch normal swarmos+AU seed=1400018 hash=a2073a42b315e61b 
OK  overlap_batch normal swarmos+AU seed=1400019 hash=44c8c4d236a116b2 
OK  overlap_batch normal swarmos+AU seed=1400020 hash=4ed9162b8a623ea6 
OK  overlap_batch normal swarmos+AU seed=1400021 hash=7da23ce6a6c557b6 
OK  overlap_batch normal swarmos+AU seed=1400022 hash=ee6209dd4066e331 
OK  overlap_batch normal swarmos+AU seed=1400023 hash=3158bcab0a230c82 
OK  overlap_batch normal swarmos+AU seed=1400024 hash=247298350dbb6d5c 
OK  overlap_batch normal swarmos+AU seed=1400025 hash=71371d46f7b02d0b 
OK  overlap_batch normal swarmos+AU seed=1400026 hash=86c8b1b152548f9b 
OK  overlap_batch normal swarmos+AU seed=1400027 hash=9d002af94520c57b 
OK  overlap_batch normal swarmos+AU seed=1400028 hash=3284e0e04050c909 
OK  overlap_batch normal swarmos+AU seed=1400029 hash=b4c3c17ca4702e6b 
OK  overlap_batch normal swarmos+AU seed=1400030 hash=62b0a2fc99e8f7a9 
OK  overlap_batch normal swarmos+AU seed=1400031 hash=1158edc7b634eb5f 
OK  overlap_batch normal swarmos+AU seed=1400032 hash=86e522e786672636 
OK  overlap_batch normal swarmos+AU seed=1400033 hash=c2760bb711584c58 
OK  overlap_batch normal swarmos+AU seed=1400034 hash=772b05aef0061601 
OK  overlap_batch normal swarmos+AU seed=1400035 hash=81c9beb4bc9f7ce4 
OK  overlap_batch normal swarmos+AU seed=1400036 hash=b511dcb07fc8d315 
OK  overlap_batch normal swarmos+AU seed=1400037 hash=b490c9c6592c9115 
OK  overlap_batch normal swarmos+AU seed=1400038 hash=4848118662bd70b8 
OK  overlap_batch normal swarmos+AU seed=1400039 hash=5b4c4b09d25f0869 
OK  overlap_batch normal swarmos+AU seed=1400040 hash=32894e538e9bbe41 
OK  overlap_batch normal swarmos+EAI+PC+AU seed=1400001 hash=f54960bd9e8f43f2 
OK  overlap_batch normal swarmos+EAI+PC+AU seed=1400002 hash=6dfc09fac7f3495e 
OK  overlap_batch normal swarmos+EAI+PC+AU seed=1400003 hash=a6aa1ed89c3b62f5 
OK  overlap_batch normal swarmos+EAI+PC+AU seed=1400004 hash=d467a0583c545619 
OK  overlap_batch normal swarmos+EAI+PC+AU seed=1400005 hash=868f7db23a4c3b96 
OK  overlap_batch normal swarmos+EAI+PC+AU seed=1400006 hash=64f5bb37450eff0f 
OK  overlap_batch normal swarmos+EAI+PC+AU seed=1400007 hash=28247a25f07b08f4 
OK  overlap_batch normal swarmos+EAI+PC+AU seed=1400008 hash=258c66043f28c00f 
OK  overlap_batch normal swarmos+EAI+PC+AU seed=1400009 hash=eefe773cbef57230 
OK  overlap_batch normal swarmos+EAI+PC+AU seed=1400010 hash=24157dfd799f130c 
OK  overlap_batch normal swarmos+EAI+PC+AU seed=1400011 hash=27d45c8d786a7e01 
OK  overlap_batch normal swarmos+EAI+PC+AU seed=1400012 hash=883b689b10dad60b 
OK  overlap_batch normal swarmos+EAI+PC+AU seed=1400013 hash=6badb81c8c690ede 
OK  overlap_batch normal swarmos+EAI+PC+AU seed=1400014 hash=0e1c8d72a60b9986 
OK  overlap_batch normal swarmos+EAI+PC+AU seed=1400015 hash=820d65a9edb532b0 
OK  overlap_batch normal swarmos+EAI+PC+AU seed=1400016 hash=5b88e9b022ba3cec 
OK  overlap_batch normal swarmos+EAI+PC+AU seed=1400017 hash=16aeed801ad8d81c 
OK  overlap_batch normal swarmos+EAI+PC+AU seed=1400018 hash=f98c2ffdd5ce0dd6 
OK  overlap_batch normal swarmos+EAI+PC+AU seed=1400019 hash=d769ac49f71eae02 
OK  overlap_batch normal swarmos+EAI+PC+AU seed=1400020 hash=8359db2e89454c81 
OK  overlap_batch normal swarmos+EAI+PC+AU seed=1400021 hash=784f76f87cf99c27 
OK  overlap_batch normal swarmos+EAI+PC+AU seed=1400022 hash=0b2b66ae26f24a8a 
OK  overlap_batch normal swarmos+EAI+PC+AU seed=1400023 hash=2b7b7418237b4d91 
OK  overlap_batch normal swarmos+EAI+PC+AU seed=1400024 hash=d2bc317a24f80003 
OK  overlap_batch normal swarmos+EAI+PC+AU seed=1400025 hash=a75c26780c8b152b 
OK  overlap_batch normal swarmos+EAI+PC+AU seed=1400026 hash=42d623dd82953139 
OK  overlap_batch normal swarmos+EAI+PC+AU seed=1400027 hash=c4ccc936141aba63 
OK  overlap_batch normal swarmos+EAI+PC+AU seed=1400028 hash=f7ccd256504ecbc2 
OK  overlap_batch normal swarmos+EAI+PC+AU seed=1400029 hash=abed51e7b2951cc1 
OK  overlap_batch normal swarmos+EAI+PC+AU seed=1400030 hash=fe9e828a75ef017b 
OK  overlap_batch normal swarmos+EAI+PC+AU seed=1400031 hash=17ee24bf812daa52 
OK  overlap_batch normal swarmos+EAI+PC+AU seed=1400032 hash=f4228d736a3b24f5 
OK  overlap_batch normal swarmos+EAI+PC+AU seed=1400033 hash=24ad37c762d54422 
OK  overlap_batch normal swarmos+EAI+PC+AU seed=1400034 hash=568f719acb6b357b 
OK  overlap_batch normal swarmos+EAI+PC+AU seed=1400035 hash=80c5b0b2c39453ac 
OK  overlap_batch normal swarmos+EAI+PC+AU seed=1400036 hash=e5d5ba156a6baba5 
OK  overlap_batch normal swarmos+EAI+PC+AU seed=1400037 hash=b4be01ff44b0e4be 
OK  overlap_batch normal swarmos+EAI+PC+AU seed=1400038 hash=0405721f3190d654 
OK  overlap_batch normal swarmos+EAI+PC+AU seed=1400039 hash=5909c4f3b63d59e0 
OK  overlap_batch normal swarmos+EAI+PC+AU seed=1400040 hash=5c8ef917937fd6d3 
OK  open_floor_batch normal stop_and_wait+F1+F6 seed=1400001 hash=6cea11f70d815bd2 
OK  open_floor_batch normal stop_and_wait+F1+F6 seed=1400002 hash=e63c6c5dec08fb29 
OK  open_floor_batch normal stop_and_wait+F1+F6 seed=1400003 hash=2c4b436545564718 
OK  open_floor_batch normal stop_and_wait+F1+F6 seed=1400004 hash=49cb317c4b4b977a 
OK  open_floor_batch normal stop_and_wait+F1+F6 seed=1400005 hash=a321906f965430db 
OK  open_floor_batch normal stop_and_wait+F1+F6 seed=1400006 hash=c972a731b2bfa4f2 
OK  open_floor_batch normal stop_and_wait+F1+F6 seed=1400007 hash=c3d3b1a0f8586390 
OK  open_floor_batch normal stop_and_wait+F1+F6 seed=1400008 hash=26c6326c1c10921a 
OK  open_floor_batch normal stop_and_wait+F1+F6 seed=1400009 hash=44d66f4c4025e390 
OK  open_floor_batch normal stop_and_wait+F1+F6 seed=1400010 hash=55412fad1bf82be0 
OK  open_floor_batch normal stop_and_wait+F1+F6 seed=1400011 hash=b0304ada4a9b5c30 
OK  open_floor_batch normal stop_and_wait+F1+F6 seed=1400012 hash=2cea4877ef44359c 
OK  open_floor_batch normal stop_and_wait+F1+F6 seed=1400013 hash=d15b51540b4c727e 
OK  open_floor_batch normal stop_and_wait+F1+F6 seed=1400014 hash=a2abbece0f23c429 
OK  open_floor_batch normal stop_and_wait+F1+F6 seed=1400015 hash=ca5b5ca3b856d96d 
OK  open_floor_batch normal stop_and_wait+F1+F6 seed=1400016 hash=67358befc2208e99 
OK  open_floor_batch normal stop_and_wait+F1+F6 seed=1400017 hash=74f6b5cf47f08e6e 
OK  open_floor_batch normal stop_and_wait+F1+F6 seed=1400018 hash=c2e78ba90f105f37 
OK  open_floor_batch normal stop_and_wait+F1+F6 seed=1400019 hash=2e23fd2fb6401347 
OK  open_floor_batch normal stop_and_wait+F1+F6 seed=1400020 hash=eba1d54c8a407bc4 
OK  open_floor_batch normal stop_and_wait+F1+F6 seed=1400021 hash=af6cfdbc569e637f 
OK  open_floor_batch normal stop_and_wait+F1+F6 seed=1400022 hash=432e2951d9df2ba1 
OK  open_floor_batch normal stop_and_wait+F1+F6 seed=1400023 hash=0339b2f0c7de216b 
OK  open_floor_batch normal stop_and_wait+F1+F6 seed=1400024 hash=7872278d8fe31642 
OK  open_floor_batch normal stop_and_wait+F1+F6 seed=1400025 hash=c81f73d87ca4bf64 
OK  open_floor_batch normal stop_and_wait+F1+F6 seed=1400026 hash=beb53732c8716167 
OK  open_floor_batch normal stop_and_wait+F1+F6 seed=1400027 hash=99203ff13fe32a3b 
OK  open_floor_batch normal stop_and_wait+F1+F6 seed=1400028 hash=bcaf8547c4ceb83b 
OK  open_floor_batch normal stop_and_wait+F1+F6 seed=1400029 hash=b1acd88604c3de30 
OK  open_floor_batch normal stop_and_wait+F1+F6 seed=1400030 hash=66ce7b09147130c2 
OK  open_floor_batch normal stop_and_wait+F1+F6 seed=1400031 hash=4cb4f904785bb361 
OK  open_floor_batch normal stop_and_wait+F1+F6 seed=1400032 hash=f1ee7fb1814a909e 
OK  open_floor_batch normal stop_and_wait+F1+F6 seed=1400033 hash=4e128c5ed61b9fd2 
OK  open_floor_batch normal stop_and_wait+F1+F6 seed=1400034 hash=99f730a33de4198e 
OK  open_floor_batch normal stop_and_wait+F1+F6 seed=1400035 hash=33bcf102229d288a 
OK  open_floor_batch normal stop_and_wait+F1+F6 seed=1400036 hash=e6433ba78fe74178 
OK  open_floor_batch normal stop_and_wait+F1+F6 seed=1400037 hash=6bffba4a039241f8 
OK  open_floor_batch normal stop_and_wait+F1+F6 seed=1400038 hash=6024506d0ce173a2 
OK  open_floor_batch normal stop_and_wait+F1+F6 seed=1400039 hash=e678ec1e73bf273f 
OK  open_floor_batch normal stop_and_wait+F1+F6 seed=1400040 hash=74ca8628ca08c15f 
OK  open_floor_batch normal swarmos seed=1400001 hash=c01bdc8dab8c9377 
OK  open_floor_batch normal swarmos seed=1400002 hash=c396d356a8cdadef 
OK  open_floor_batch normal swarmos seed=1400003 hash=1dd7a5514d6a37cd 
OK  open_floor_batch normal swarmos seed=1400004 hash=0c26c988e9a07854 
OK  open_floor_batch normal swarmos seed=1400005 hash=5e0a5a8dc2ed553e 
OK  open_floor_batch normal swarmos seed=1400006 hash=fe93dabc5792c9e1 
OK  open_floor_batch normal swarmos seed=1400007 hash=74b8e3929f69907e 
OK  open_floor_batch normal swarmos seed=1400008 hash=feade5d7f8ac309a 
OK  open_floor_batch normal swarmos seed=1400009 hash=0051b27474ba0bc1 
OK  open_floor_batch normal swarmos seed=1400010 hash=92bcc9b59f6e6921 
OK  open_floor_batch normal swarmos seed=1400011 hash=3c2a217515c071a6 
OK  open_floor_batch normal swarmos seed=1400012 hash=864e5d421e193aba 
OK  open_floor_batch normal swarmos seed=1400013 hash=abddc618a58679f0 
OK  open_floor_batch normal swarmos seed=1400014 hash=add8a596cf9463e0 
OK  open_floor_batch normal swarmos seed=1400015 hash=8c27b50704bb508f 
OK  open_floor_batch normal swarmos seed=1400016 hash=04b4f48f8c9afab4 
OK  open_floor_batch normal swarmos seed=1400017 hash=d1ea378acc7dd3dd 
OK  open_floor_batch normal swarmos seed=1400018 hash=652c13d3db5234ed 
OK  open_floor_batch normal swarmos seed=1400019 hash=30f941045fc8b023 
OK  open_floor_batch normal swarmos seed=1400020 hash=aed0e4ee69e29f0e 
OK  open_floor_batch normal swarmos seed=1400021 hash=360e07861a7a0231 
OK  open_floor_batch normal swarmos seed=1400022 hash=677b6114a49fdded 
OK  open_floor_batch normal swarmos seed=1400023 hash=2c130a2f29782291 
OK  open_floor_batch normal swarmos seed=1400024 hash=7b65e425ebf0ffc3 
OK  open_floor_batch normal swarmos seed=1400025 hash=09de1595361dc449 
OK  open_floor_batch normal swarmos seed=1400026 hash=c8b425b0a592b9f9 
OK  open_floor_batch normal swarmos seed=1400027 hash=0b9231d2b76eed98 
OK  open_floor_batch normal swarmos seed=1400028 hash=c898ac83ef2295fa 
OK  open_floor_batch normal swarmos seed=1400029 hash=d159c21e0368a43d 
OK  open_floor_batch normal swarmos seed=1400030 hash=d71dfe307f8da4be 
OK  open_floor_batch normal swarmos seed=1400031 hash=5087d43e9da7b881 
OK  open_floor_batch normal swarmos seed=1400032 hash=fd73f28a34011bb8 
OK  open_floor_batch normal swarmos seed=1400033 hash=bb554544739064f3 
OK  open_floor_batch normal swarmos seed=1400034 hash=66795d2bc2a2520a 
OK  open_floor_batch normal swarmos seed=1400035 hash=c9de1a9b710bead8 
OK  open_floor_batch normal swarmos seed=1400036 hash=201a1cd216231afc 
OK  open_floor_batch normal swarmos seed=1400037 hash=648ae1ededfdc4db 
OK  open_floor_batch normal swarmos seed=1400038 hash=3498bbc1862fef65 
OK  open_floor_batch normal swarmos seed=1400039 hash=5f624aac30ff713d 
OK  open_floor_batch normal swarmos seed=1400040 hash=ca9c4d7ccdf9cc81 
OK  open_floor_batch normal swarmos+EAI seed=1400001 hash=c01bdc8dab8c9377 
OK  open_floor_batch normal swarmos+EAI seed=1400002 hash=c396d356a8cdadef 
OK  open_floor_batch normal swarmos+EAI seed=1400003 hash=1dd7a5514d6a37cd 
OK  open_floor_batch normal swarmos+EAI seed=1400004 hash=0c26c988e9a07854 
OK  open_floor_batch normal swarmos+EAI seed=1400005 hash=5e0a5a8dc2ed553e 
OK  open_floor_batch normal swarmos+EAI seed=1400006 hash=fe93dabc5792c9e1 
OK  open_floor_batch normal swarmos+EAI seed=1400007 hash=74b8e3929f69907e 
OK  open_floor_batch normal swarmos+EAI seed=1400008 hash=feade5d7f8ac309a 
OK  open_floor_batch normal swarmos+EAI seed=1400009 hash=0051b27474ba0bc1 
OK  open_floor_batch normal swarmos+EAI seed=1400010 hash=92bcc9b59f6e6921 
OK  open_floor_batch normal swarmos+EAI seed=1400011 hash=3c2a217515c071a6 
OK  open_floor_batch normal swarmos+EAI seed=1400012 hash=864e5d421e193aba 
OK  open_floor_batch normal swarmos+EAI seed=1400013 hash=abddc618a58679f0 
OK  open_floor_batch normal swarmos+EAI seed=1400014 hash=add8a596cf9463e0 
OK  open_floor_batch normal swarmos+EAI seed=1400015 hash=8c27b50704bb508f 
OK  open_floor_batch normal swarmos+EAI seed=1400016 hash=04b4f48f8c9afab4 
OK  open_floor_batch normal swarmos+EAI seed=1400017 hash=d1ea378acc7dd3dd 
OK  open_floor_batch normal swarmos+EAI seed=1400018 hash=652c13d3db5234ed 
OK  open_floor_batch normal swarmos+EAI seed=1400019 hash=30f941045fc8b023 
OK  open_floor_batch normal swarmos+EAI seed=1400020 hash=aed0e4ee69e29f0e 
OK  open_floor_batch normal swarmos+EAI seed=1400021 hash=360e07861a7a0231 
OK  open_floor_batch normal swarmos+EAI seed=1400022 hash=677b6114a49fdded 
OK  open_floor_batch normal swarmos+EAI seed=1400023 hash=2c130a2f29782291 
OK  open_floor_batch normal swarmos+EAI seed=1400024 hash=7b65e425ebf0ffc3 
OK  open_floor_batch normal swarmos+EAI seed=1400025 hash=09de1595361dc449 
OK  open_floor_batch normal swarmos+EAI seed=1400026 hash=c8b425b0a592b9f9 
OK  open_floor_batch normal swarmos+EAI seed=1400027 hash=0b9231d2b76eed98 
OK  open_floor_batch normal swarmos+EAI seed=1400028 hash=c898ac83ef2295fa 
OK  open_floor_batch normal swarmos+EAI seed=1400029 hash=d159c21e0368a43d 
OK  open_floor_batch normal swarmos+EAI seed=1400030 hash=d71dfe307f8da4be 
OK  open_floor_batch normal swarmos+EAI seed=1400031 hash=5087d43e9da7b881 
OK  open_floor_batch normal swarmos+EAI seed=1400032 hash=fd73f28a34011bb8 
OK  open_floor_batch normal swarmos+EAI seed=1400033 hash=bb554544739064f3 
OK  open_floor_batch normal swarmos+EAI seed=1400034 hash=66795d2bc2a2520a 
OK  open_floor_batch normal swarmos+EAI seed=1400035 hash=c9de1a9b710bead8 
OK  open_floor_batch normal swarmos+EAI seed=1400036 hash=201a1cd216231afc 
OK  open_floor_batch normal swarmos+EAI seed=1400037 hash=648ae1ededfdc4db 
OK  open_floor_batch normal swarmos+EAI seed=1400038 hash=3498bbc1862fef65 
OK  open_floor_batch normal swarmos+EAI seed=1400039 hash=5f624aac30ff713d 
OK  open_floor_batch normal swarmos+EAI seed=1400040 hash=ca9c4d7ccdf9cc81 
OK  open_floor_batch normal swarmos+EAI+PC seed=1400001 hash=0690697df35cfec5 
OK  open_floor_batch normal swarmos+EAI+PC seed=1400002 hash=4d015983c35489f8 
OK  open_floor_batch normal swarmos+EAI+PC seed=1400003 hash=5f3abdd385e22aa5 
OK  open_floor_batch normal swarmos+EAI+PC seed=1400004 hash=a0e64a0efcfa9231 
OK  open_floor_batch normal swarmos+EAI+PC seed=1400005 hash=ce0325e735cd1e75 
OK  open_floor_batch normal swarmos+EAI+PC seed=1400006 hash=5fed2fa02315aab2 
OK  open_floor_batch normal swarmos+EAI+PC seed=1400007 hash=a5242e551d88785e 
OK  open_floor_batch normal swarmos+EAI+PC seed=1400008 hash=744ba23594772442 
OK  open_floor_batch normal swarmos+EAI+PC seed=1400009 hash=688474b8f0693103 
OK  open_floor_batch normal swarmos+EAI+PC seed=1400010 hash=2897052fff53d9e4 
OK  open_floor_batch normal swarmos+EAI+PC seed=1400011 hash=f4e4067707090ed4 
OK  open_floor_batch normal swarmos+EAI+PC seed=1400012 hash=7b33cb7faeda035e 
OK  open_floor_batch normal swarmos+EAI+PC seed=1400013 hash=3de518439bbfab1f 
OK  open_floor_batch normal swarmos+EAI+PC seed=1400014 hash=3f2f3e561350129a 
OK  open_floor_batch normal swarmos+EAI+PC seed=1400015 hash=253cd828a191181f 
OK  open_floor_batch normal swarmos+EAI+PC seed=1400016 hash=41baecf180ca2bc7 
OK  open_floor_batch normal swarmos+EAI+PC seed=1400017 hash=5c941cf63ec9abf4 
OK  open_floor_batch normal swarmos+EAI+PC seed=1400018 hash=6ce9f45843f76b15 
OK  open_floor_batch normal swarmos+EAI+PC seed=1400019 hash=e237c93854cc7323 
OK  open_floor_batch normal swarmos+EAI+PC seed=1400020 hash=074a5e8804b2a13b 
OK  open_floor_batch normal swarmos+EAI+PC seed=1400021 hash=60b5ca5a7d185776 
OK  open_floor_batch normal swarmos+EAI+PC seed=1400022 hash=55131e1342c2c412 
OK  open_floor_batch normal swarmos+EAI+PC seed=1400023 hash=5b56d1260c0d52a1 
OK  open_floor_batch normal swarmos+EAI+PC seed=1400024 hash=1ce85979f254b44c 
OK  open_floor_batch normal swarmos+EAI+PC seed=1400025 hash=abaad35336dfdd2d 
OK  open_floor_batch normal swarmos+EAI+PC seed=1400026 hash=ee519d5bc5ae3b7a 
OK  open_floor_batch normal swarmos+EAI+PC seed=1400027 hash=24139af7f9200c9a 
OK  open_floor_batch normal swarmos+EAI+PC seed=1400028 hash=d62a3ea434d0238a 
OK  open_floor_batch normal swarmos+EAI+PC seed=1400029 hash=8e4e33ec137d1dbf 
OK  open_floor_batch normal swarmos+EAI+PC seed=1400030 hash=d20bc1e849dc30da 
OK  open_floor_batch normal swarmos+EAI+PC seed=1400031 hash=9e8e708bbd9e0a81 
OK  open_floor_batch normal swarmos+EAI+PC seed=1400032 hash=d7ec9f9e6664ad18 
OK  open_floor_batch normal swarmos+EAI+PC seed=1400033 hash=2211478c6321741a 
OK  open_floor_batch normal swarmos+EAI+PC seed=1400034 hash=bab63bb5d16ad56e 
OK  open_floor_batch normal swarmos+EAI+PC seed=1400035 hash=4d11a974b2968093 
OK  open_floor_batch normal swarmos+EAI+PC seed=1400036 hash=efb354d8d464939e 
OK  open_floor_batch normal swarmos+EAI+PC seed=1400037 hash=e4acc2f36e95c6cd 
OK  open_floor_batch normal swarmos+EAI+PC seed=1400038 hash=a64eed944e0b9403 
OK  open_floor_batch normal swarmos+EAI+PC seed=1400039 hash=a4746050599f1eb5 
OK  open_floor_batch normal swarmos+EAI+PC seed=1400040 hash=22ddb2d3e1a5e61a 
OK  open_floor_batch normal swarmos+AU seed=1400001 hash=b1872b73746d95f3 
OK  open_floor_batch normal swarmos+AU seed=1400002 hash=f1d41aa50f22ce8d 
OK  open_floor_batch normal swarmos+AU seed=1400003 hash=c08a0c59b7b3d260 
OK  open_floor_batch normal swarmos+AU seed=1400004 hash=fbad77820fea4f19 
OK  open_floor_batch normal swarmos+AU seed=1400005 hash=c2d451c37fd9903f 
OK  open_floor_batch normal swarmos+AU seed=1400006 hash=546aa9a2f3d9472a 
OK  open_floor_batch normal swarmos+AU seed=1400007 hash=1bc0977f1145d5de 
OK  open_floor_batch normal swarmos+AU seed=1400008 hash=f6e9a81f8119b6b0 
OK  open_floor_batch normal swarmos+AU seed=1400009 hash=6ab673550823c696 
OK  open_floor_batch normal swarmos+AU seed=1400010 hash=8c19b3cf5dae919d 
OK  open_floor_batch normal swarmos+AU seed=1400011 hash=b8581ffb6db2c827 
OK  open_floor_batch normal swarmos+AU seed=1400012 hash=c48421b6e9545c63 
OK  open_floor_batch normal swarmos+AU seed=1400013 hash=4241200a7fdfd9c4 
OK  open_floor_batch normal swarmos+AU seed=1400014 hash=f1ef78ed853bf088 
OK  open_floor_batch normal swarmos+AU seed=1400015 hash=365c104123a8fe81 
OK  open_floor_batch normal swarmos+AU seed=1400016 hash=86ba22deb45b92d3 
OK  open_floor_batch normal swarmos+AU seed=1400017 hash=e299baeb433572c8 
OK  open_floor_batch normal swarmos+AU seed=1400018 hash=976d9e9b6bf52dbe 
OK  open_floor_batch normal swarmos+AU seed=1400019 hash=abcb4d7bce854746 
OK  open_floor_batch normal swarmos+AU seed=1400020 hash=77af3ecd59b0c8f9 
OK  open_floor_batch normal swarmos+AU seed=1400021 hash=28ab4c1ebc9bbfe3 
OK  open_floor_batch normal swarmos+AU seed=1400022 hash=7ef8b36aa42c033c 
OK  open_floor_batch normal swarmos+AU seed=1400023 hash=65b1239fd9fc0e00 
OK  open_floor_batch normal swarmos+AU seed=1400024 hash=e5972b7a4d8c9dbe 
OK  open_floor_batch normal swarmos+AU seed=1400025 hash=529e9f02256152a5 
OK  open_floor_batch normal swarmos+AU seed=1400026 hash=1117dd85d9b33527 
OK  open_floor_batch normal swarmos+AU seed=1400027 hash=631122c6c603359b 
OK  open_floor_batch normal swarmos+AU seed=1400028 hash=3b880a05a3b9e076 
OK  open_floor_batch normal swarmos+AU seed=1400029 hash=928dab98198395fd 
OK  open_floor_batch normal swarmos+AU seed=1400030 hash=886b0aafb9bc9695 
OK  open_floor_batch normal swarmos+AU seed=1400031 hash=546008a5e4c5c230 
OK  open_floor_batch normal swarmos+AU seed=1400032 hash=64a7b41a023cafec 
OK  open_floor_batch normal swarmos+AU seed=1400033 hash=fa10c1db62b21716 
OK  open_floor_batch normal swarmos+AU seed=1400034 hash=92f8bb4f24322655 
OK  open_floor_batch normal swarmos+AU seed=1400035 hash=97e0971c22118bfb 
OK  open_floor_batch normal swarmos+AU seed=1400036 hash=57831c214b48bbaf 
OK  open_floor_batch normal swarmos+AU seed=1400037 hash=f344ec2c19c7e099 
OK  open_floor_batch normal swarmos+AU seed=1400038 hash=0af208ccc702f728 
OK  open_floor_batch normal swarmos+AU seed=1400039 hash=87041d3fd05434dc 
OK  open_floor_batch normal swarmos+AU seed=1400040 hash=6a07f122a9d9e375 
OK  open_floor_batch normal swarmos+EAI+PC+AU seed=1400001 hash=0424852675001268 
OK  open_floor_batch normal swarmos+EAI+PC+AU seed=1400002 hash=c433e0fa31353deb 
OK  open_floor_batch normal swarmos+EAI+PC+AU seed=1400003 hash=220115aa433657be 
OK  open_floor_batch normal swarmos+EAI+PC+AU seed=1400004 hash=38e1a9cade7dbb90 
OK  open_floor_batch normal swarmos+EAI+PC+AU seed=1400005 hash=e2546d5c1aea130b 
OK  open_floor_batch normal swarmos+EAI+PC+AU seed=1400006 hash=c59abc9eb32a4ec3 
OK  open_floor_batch normal swarmos+EAI+PC+AU seed=1400007 hash=258dae12755dff5a 
OK  open_floor_batch normal swarmos+EAI+PC+AU seed=1400008 hash=3b8e3590a779a8c7 
OK  open_floor_batch normal swarmos+EAI+PC+AU seed=1400009 hash=e522262f4eb16540 
OK  open_floor_batch normal swarmos+EAI+PC+AU seed=1400010 hash=35957713a3e42489 
OK  open_floor_batch normal swarmos+EAI+PC+AU seed=1400011 hash=4392fe843abc09e3 
OK  open_floor_batch normal swarmos+EAI+PC+AU seed=1400012 hash=dd3d8481b448917a 
OK  open_floor_batch normal swarmos+EAI+PC+AU seed=1400013 hash=2e96d470ce7590cc 
OK  open_floor_batch normal swarmos+EAI+PC+AU seed=1400014 hash=5ca67aa0b37d32e0 
OK  open_floor_batch normal swarmos+EAI+PC+AU seed=1400015 hash=cc37e37caa7c60c6 
OK  open_floor_batch normal swarmos+EAI+PC+AU seed=1400016 hash=dc8ba8ae2877f519 
OK  open_floor_batch normal swarmos+EAI+PC+AU seed=1400017 hash=0db4f8453ade3a5c 
OK  open_floor_batch normal swarmos+EAI+PC+AU seed=1400018 hash=c513f3fd1162d9ee 
OK  open_floor_batch normal swarmos+EAI+PC+AU seed=1400019 hash=a692954dd7a3177e 
OK  open_floor_batch normal swarmos+EAI+PC+AU seed=1400020 hash=88c7c5646b7c6064 
OK  open_floor_batch normal swarmos+EAI+PC+AU seed=1400021 hash=89f14cc473df05e8 
OK  open_floor_batch normal swarmos+EAI+PC+AU seed=1400022 hash=8233e5f65d4c3f76 
OK  open_floor_batch normal swarmos+EAI+PC+AU seed=1400023 hash=402d3ce15611f5d9 
OK  open_floor_batch normal swarmos+EAI+PC+AU seed=1400024 hash=a1c975b258f506cc 
OK  open_floor_batch normal swarmos+EAI+PC+AU seed=1400025 hash=f13f75ade1177148 
OK  open_floor_batch normal swarmos+EAI+PC+AU seed=1400026 hash=0697cd93fb932722 
OK  open_floor_batch normal swarmos+EAI+PC+AU seed=1400027 hash=4554437742b05f6a 
OK  open_floor_batch normal swarmos+EAI+PC+AU seed=1400028 hash=217bec145c33a6c2 
OK  open_floor_batch normal swarmos+EAI+PC+AU seed=1400029 hash=fd9513fd0e53f74c 
OK  open_floor_batch normal swarmos+EAI+PC+AU seed=1400030 hash=5505eba928af2ae4 
OK  open_floor_batch normal swarmos+EAI+PC+AU seed=1400031 hash=1c585182a695d3c1 
OK  open_floor_batch normal swarmos+EAI+PC+AU seed=1400032 hash=80dc1a6146339f17 
OK  open_floor_batch normal swarmos+EAI+PC+AU seed=1400033 hash=6d705bf376959266 
OK  open_floor_batch normal swarmos+EAI+PC+AU seed=1400034 hash=6719fe381eb83aad 
OK  open_floor_batch normal swarmos+EAI+PC+AU seed=1400035 hash=183da71b3142a09c 
OK  open_floor_batch normal swarmos+EAI+PC+AU seed=1400036 hash=542d40b8781bd727 
OK  open_floor_batch normal swarmos+EAI+PC+AU seed=1400037 hash=1f59d7ad0c127104 
OK  open_floor_batch normal swarmos+EAI+PC+AU seed=1400038 hash=6f3d14df6d7cc17a 
OK  open_floor_batch normal swarmos+EAI+PC+AU seed=1400039 hash=173a0344550905eb 
OK  open_floor_batch normal swarmos+EAI+PC+AU seed=1400040 hash=32a65791c739fa83 
480/480 reproduced exactly
