code identity: MATCH ba4086a693013487342c7832c6e9ff23bad8c7a8247fffb2e878091664179656
OK  overlap_batch normal stop_and_wait seed=900001 hash=26071777f38cb747 
OK  overlap_batch normal stop_and_wait seed=900002 hash=ba6df48186d00997 
OK  overlap_batch normal stop_and_wait seed=900003 hash=1181b3ab7d4fead3 
OK  overlap_batch normal stop_and_wait seed=900004 hash=87f50b71ca4a69ee 
OK  overlap_batch normal stop_and_wait seed=900005 hash=a8989ab630b4332a 
OK  overlap_batch normal stop_and_wait seed=900006 hash=6f3fedaaaa362316 
OK  overlap_batch normal stop_and_wait seed=900007 hash=7ab033896f3d57a1 
OK  overlap_batch normal stop_and_wait seed=900008 hash=986b9dc8265ae52c 
OK  overlap_batch normal stop_and_wait seed=900009 hash=5a4be84abe8072c6 
OK  overlap_batch normal stop_and_wait seed=900010 hash=aa994cd8dcb1eb32 
OK  overlap_batch normal stop_and_wait seed=900011 hash=a86b747d7f8fc34a 
OK  overlap_batch normal stop_and_wait seed=900012 hash=8c605ce98228f23d 
OK  overlap_batch normal stop_and_wait seed=900013 hash=244e03126e843411 
OK  overlap_batch normal stop_and_wait seed=900014 hash=0e379b293b35372a 
OK  overlap_batch normal stop_and_wait seed=900015 hash=e49fcf8b37e2cd12 
OK  overlap_batch normal stop_and_wait seed=900016 hash=776b0e41009edbd3 
OK  overlap_batch normal stop_and_wait seed=900017 hash=24a231dd35b29bd4 
OK  overlap_batch normal stop_and_wait seed=900018 hash=55c6f79177214fc6 
OK  overlap_batch normal stop_and_wait seed=900019 hash=83b9983c30ccc15c 
OK  overlap_batch normal stop_and_wait seed=900020 hash=033a761c46ec9dfe 
OK  overlap_batch normal stop_and_wait seed=900021 hash=f1ec23b7542b6f69 
OK  overlap_batch normal stop_and_wait seed=900022 hash=0cbdf49872d32281 
OK  overlap_batch normal stop_and_wait seed=900023 hash=6bff0dbe687bc697 
OK  overlap_batch normal stop_and_wait seed=900024 hash=ed6387733b6d290d 
OK  overlap_batch normal stop_and_wait seed=900025 hash=7bff6c2e9ff96d69 
OK  overlap_batch normal stop_and_wait seed=900026 hash=b3d5e444f8a602d1 
OK  overlap_batch normal stop_and_wait seed=900027 hash=e4000f633c5bc165 
OK  overlap_batch normal stop_and_wait seed=900028 hash=f748b7c705f7cd07 
OK  overlap_batch normal stop_and_wait seed=900029 hash=d2ea0d5b93cb2612 
OK  overlap_batch normal stop_and_wait seed=900030 hash=f09217c971f604e0 
OK  overlap_batch normal stop_and_wait seed=900031 hash=f148f74c69184297 
OK  overlap_batch normal stop_and_wait seed=900032 hash=af049e73106bba23 
OK  overlap_batch normal stop_and_wait seed=900033 hash=43ef42502634cb7e 
OK  overlap_batch normal stop_and_wait seed=900034 hash=1f645bf815fd0d7e 
OK  overlap_batch normal stop_and_wait seed=900035 hash=d386bf15a9826fd4 
OK  overlap_batch normal stop_and_wait seed=900036 hash=aaea6da1ee94fc32 
OK  overlap_batch normal stop_and_wait seed=900037 hash=22149f91ef8eaaf1 
OK  overlap_batch normal stop_and_wait seed=900038 hash=adc8b896bd187fce 
OK  overlap_batch normal stop_and_wait seed=900039 hash=44240ebdd3fe3e71 
OK  overlap_batch normal stop_and_wait seed=900040 hash=a615a66b40410212 
OK  overlap_batch normal baseline seed=900001 hash=800e67d87dc87a68 
OK  overlap_batch normal baseline seed=900002 hash=a2d96f6c6c6ada34 
OK  overlap_batch normal baseline seed=900003 hash=290477542a44066e 
OK  overlap_batch normal baseline seed=900004 hash=a428fa823df30836 
OK  overlap_batch normal baseline seed=900005 hash=2885d146bcc2859d 
OK  overlap_batch normal baseline seed=900006 hash=ddfd6bf60ccd6b39 
OK  overlap_batch normal baseline seed=900007 hash=87589db25e1da5bc 
OK  overlap_batch normal baseline seed=900008 hash=49720e5e29362825 
OK  overlap_batch normal baseline seed=900009 hash=d9b3086a65b406ce 
OK  overlap_batch normal baseline seed=900010 hash=bc2fef07bfaf81d5 
OK  overlap_batch normal baseline seed=900011 hash=19f4dfda7994c955 
OK  overlap_batch normal baseline seed=900012 hash=0181e7a437929e36 
OK  overlap_batch normal baseline seed=900013 hash=7ff0d1d9dc838437 
OK  overlap_batch normal baseline seed=900014 hash=a3047465ea14d65a 
OK  overlap_batch normal baseline seed=900015 hash=4c8b3a30a3c70bf3 
OK  overlap_batch normal baseline seed=900016 hash=9ecad5165fae003e 
OK  overlap_batch normal baseline seed=900017 hash=21ccebb2ce3a00e8 
OK  overlap_batch normal baseline seed=900018 hash=3605ee26d6e4de6e 
OK  overlap_batch normal baseline seed=900019 hash=8d9efdf0424130e2 
OK  overlap_batch normal baseline seed=900020 hash=01a68203cf84a2f4 
OK  overlap_batch normal baseline seed=900021 hash=af103dc876db3def 
OK  overlap_batch normal baseline seed=900022 hash=affc53de973571ec 
OK  overlap_batch normal baseline seed=900023 hash=8829bf6d6056bc72 
OK  overlap_batch normal baseline seed=900024 hash=909b8efed55e4c9d 
OK  overlap_batch normal baseline seed=900025 hash=e022b257c52ba0a6 
OK  overlap_batch normal baseline seed=900026 hash=c404e1ca6fbe60da 
OK  overlap_batch normal baseline seed=900027 hash=36403598ecf61e16 
OK  overlap_batch normal baseline seed=900028 hash=83982ccb6761a549 
OK  overlap_batch normal baseline seed=900029 hash=b1f75b3a75cb3dd4 
OK  overlap_batch normal baseline seed=900030 hash=589a64bb746913f6 
OK  overlap_batch normal baseline seed=900031 hash=46ad41f963717df2 
OK  overlap_batch normal baseline seed=900032 hash=02a29326265f553f 
OK  overlap_batch normal baseline seed=900033 hash=dda60fdd60f59e99 
OK  overlap_batch normal baseline seed=900034 hash=df716e25c5b98aad 
OK  overlap_batch normal baseline seed=900035 hash=631c327cc072a86e 
OK  overlap_batch normal baseline seed=900036 hash=1fda9c30813b231d 
OK  overlap_batch normal baseline seed=900037 hash=d9e478a080a5d3d2 
OK  overlap_batch normal baseline seed=900038 hash=be7666667175bb8e 
OK  overlap_batch normal baseline seed=900039 hash=0c2074250d3e5bee 
OK  overlap_batch normal baseline seed=900040 hash=7a1da22b86251e82 
OK  overlap_batch normal swarmos seed=900001 hash=b6bd51255f35bec2 
OK  overlap_batch normal swarmos seed=900002 hash=b841f54d03f99208 
OK  overlap_batch normal swarmos seed=900003 hash=c4a0f97218b12053 
OK  overlap_batch normal swarmos seed=900004 hash=b50fce139a897d29 
OK  overlap_batch normal swarmos seed=900005 hash=e6abf0c28a83809f 
OK  overlap_batch normal swarmos seed=900006 hash=08326635c87440f3 
OK  overlap_batch normal swarmos seed=900007 hash=42f0e12e101a925b 
OK  overlap_batch normal swarmos seed=900008 hash=67797de361cd0d99 
OK  overlap_batch normal swarmos seed=900009 hash=c63cf6a844be3165 
OK  overlap_batch normal swarmos seed=900010 hash=1ee2972dca25a392 
OK  overlap_batch normal swarmos seed=900011 hash=4b869ebeec5afe89 
OK  overlap_batch normal swarmos seed=900012 hash=2178fcc90c1bc00b 
OK  overlap_batch normal swarmos seed=900013 hash=2b79e05f95f0f79c 
OK  overlap_batch normal swarmos seed=900014 hash=cc0b17dbef305421 
OK  overlap_batch normal swarmos seed=900015 hash=11ffebeae5a4f57c 
OK  overlap_batch normal swarmos seed=900016 hash=e1a7dcdab8dbc769 
OK  overlap_batch normal swarmos seed=900017 hash=1dede6f2754b0454 
OK  overlap_batch normal swarmos seed=900018 hash=d6d57b9c426f23a5 
OK  overlap_batch normal swarmos seed=900019 hash=3a9e6e1fbb5e5e11 
OK  overlap_batch normal swarmos seed=900020 hash=1312eb081a9c4dee 
OK  overlap_batch normal swarmos seed=900021 hash=3f2e83f0fcca1882 
OK  overlap_batch normal swarmos seed=900022 hash=3c89a8f1a10f9504 
OK  overlap_batch normal swarmos seed=900023 hash=7b5618c5f1700470 
OK  overlap_batch normal swarmos seed=900024 hash=5ba45204f88fe0fa 
OK  overlap_batch normal swarmos seed=900025 hash=37fa85744bb76d01 
OK  overlap_batch normal swarmos seed=900026 hash=509db319ac18e26e 
OK  overlap_batch normal swarmos seed=900027 hash=e3ce57ca6dbd8192 
OK  overlap_batch normal swarmos seed=900028 hash=15a8ad026af67182 
OK  overlap_batch normal swarmos seed=900029 hash=c7292d5ffda6c316 
OK  overlap_batch normal swarmos seed=900030 hash=a21c65c1144ccd77 
OK  overlap_batch normal swarmos seed=900031 hash=aa5ea2fc5c1b6787 
OK  overlap_batch normal swarmos seed=900032 hash=4ea531123f0713d1 
OK  overlap_batch normal swarmos seed=900033 hash=25b8da7b6f796dd8 
OK  overlap_batch normal swarmos seed=900034 hash=99d5e57208a866ae 
OK  overlap_batch normal swarmos seed=900035 hash=87d3980111455483 
OK  overlap_batch normal swarmos seed=900036 hash=8a105990cdd5a5b8 
OK  overlap_batch normal swarmos seed=900037 hash=9060120dd6b9c949 
OK  overlap_batch normal swarmos seed=900038 hash=7988d09a1ddd861f 
OK  overlap_batch normal swarmos seed=900039 hash=89ec0640bdb3ffa2 
OK  overlap_batch normal swarmos seed=900040 hash=1db9340b19462f4a 
OK  overlap_batch normal swarmos_mhb seed=900001 hash=560a0c764a0b6ab0 
OK  overlap_batch normal swarmos_mhb seed=900002 hash=ebbf047c3c261a84 
OK  overlap_batch normal swarmos_mhb seed=900003 hash=75b0a2fcdab37331 
OK  overlap_batch normal swarmos_mhb seed=900004 hash=0bc5149df95d4e8b 
OK  overlap_batch normal swarmos_mhb seed=900005 hash=86d5a77f71a99b33 
OK  overlap_batch normal swarmos_mhb seed=900006 hash=7da50bfad3ab6d57 
OK  overlap_batch normal swarmos_mhb seed=900007 hash=68f8ad640baf3c3c 
OK  overlap_batch normal swarmos_mhb seed=900008 hash=93ed7b7b0a5d7564 
OK  overlap_batch normal swarmos_mhb seed=900009 hash=95ab4455e24d1c70 
OK  overlap_batch normal swarmos_mhb seed=900010 hash=ddd9522394293d3c 
OK  overlap_batch normal swarmos_mhb seed=900011 hash=dec3c031da175b78 
OK  overlap_batch normal swarmos_mhb seed=900012 hash=ba0a3f40329156a9 
OK  overlap_batch normal swarmos_mhb seed=900013 hash=f48e749599378d06 
OK  overlap_batch normal swarmos_mhb seed=900014 hash=dea55a6e42dad707 
OK  overlap_batch normal swarmos_mhb seed=900015 hash=1c504556a0afd959 
OK  overlap_batch normal swarmos_mhb seed=900016 hash=d8dbdee8fd62e100 
OK  overlap_batch normal swarmos_mhb seed=900017 hash=446b65d113cf5552 
OK  overlap_batch normal swarmos_mhb seed=900018 hash=9f36980a70d64e65 
OK  overlap_batch normal swarmos_mhb seed=900019 hash=c5d8b8b34a5f8a3f 
OK  overlap_batch normal swarmos_mhb seed=900020 hash=208b62d6eaef60bf 
OK  overlap_batch normal swarmos_mhb seed=900021 hash=062d10026e250dac 
OK  overlap_batch normal swarmos_mhb seed=900022 hash=a86750355dd3d56a 
OK  overlap_batch normal swarmos_mhb seed=900023 hash=10c264d75476684f 
OK  overlap_batch normal swarmos_mhb seed=900024 hash=42f96675dce4a563 
OK  overlap_batch normal swarmos_mhb seed=900025 hash=22570c4e5332acba 
OK  overlap_batch normal swarmos_mhb seed=900026 hash=bc156d80a40113e9 
OK  overlap_batch normal swarmos_mhb seed=900027 hash=a0fa45f67b38776f 
OK  overlap_batch normal swarmos_mhb seed=900028 hash=a1d3072d19928464 
OK  overlap_batch normal swarmos_mhb seed=900029 hash=e688963fc3d5bd8b 
OK  overlap_batch normal swarmos_mhb seed=900030 hash=c0629dd6870fb69f 
OK  overlap_batch normal swarmos_mhb seed=900031 hash=41db4bb67d0ca903 
OK  overlap_batch normal swarmos_mhb seed=900032 hash=39d0b8dee899ed06 
OK  overlap_batch normal swarmos_mhb seed=900033 hash=5a8a073821c8d066 
OK  overlap_batch normal swarmos_mhb seed=900034 hash=a49d81c055feb448 
OK  overlap_batch normal swarmos_mhb seed=900035 hash=7e6213e3f437d048 
OK  overlap_batch normal swarmos_mhb seed=900036 hash=ed171de290e80716 
OK  overlap_batch normal swarmos_mhb seed=900037 hash=e9b021e3f9113ee5 
OK  overlap_batch normal swarmos_mhb seed=900038 hash=37cd25c43f63ec6c 
OK  overlap_batch normal swarmos_mhb seed=900039 hash=01d7fbe83c2d941d 
OK  overlap_batch normal swarmos_mhb seed=900040 hash=f469bcd3b7dc0e6a 
OK  open_floor_batch normal stop_and_wait seed=900001 hash=f5764f6ef0c7a15c 
OK  open_floor_batch normal stop_and_wait seed=900002 hash=673aaee0c2f26616 
OK  open_floor_batch normal stop_and_wait seed=900003 hash=fa09bebb3cce5530 
OK  open_floor_batch normal stop_and_wait seed=900004 hash=30d10d4dfea7dfa5 
OK  open_floor_batch normal stop_and_wait seed=900005 hash=2f311fb16f075072 
OK  open_floor_batch normal stop_and_wait seed=900006 hash=7a227d875aada337 
OK  open_floor_batch normal stop_and_wait seed=900007 hash=714c8d35e169580b 
OK  open_floor_batch normal stop_and_wait seed=900008 hash=181237d0d1fbafee 
OK  open_floor_batch normal stop_and_wait seed=900009 hash=a7a8bb03263495f7 
OK  open_floor_batch normal stop_and_wait seed=900010 hash=96098befafa51adf 
OK  open_floor_batch normal stop_and_wait seed=900011 hash=343cbdf1dee10810 
OK  open_floor_batch normal stop_and_wait seed=900012 hash=e522b92958ca1ce5 
OK  open_floor_batch normal stop_and_wait seed=900013 hash=c8ad047933c5e036 
OK  open_floor_batch normal stop_and_wait seed=900014 hash=5c5bae3e4bfdc749 
OK  open_floor_batch normal stop_and_wait seed=900015 hash=513c1cf44faa0305 
OK  open_floor_batch normal stop_and_wait seed=900016 hash=41160d7793b32be6 
OK  open_floor_batch normal stop_and_wait seed=900017 hash=d303610157ecf019 
OK  open_floor_batch normal stop_and_wait seed=900018 hash=accd47ba22061c7c 
OK  open_floor_batch normal stop_and_wait seed=900019 hash=9e5555e41cf8fd7d 
OK  open_floor_batch normal stop_and_wait seed=900020 hash=ca0127106c334737 
OK  open_floor_batch normal stop_and_wait seed=900021 hash=4209dac13df1397a 
OK  open_floor_batch normal stop_and_wait seed=900022 hash=4b42001462e273ac 
OK  open_floor_batch normal stop_and_wait seed=900023 hash=8a6d3901d4746a87 
OK  open_floor_batch normal stop_and_wait seed=900024 hash=62ecf21653fd0ff6 
OK  open_floor_batch normal stop_and_wait seed=900025 hash=763fed9317b1fcda 
OK  open_floor_batch normal stop_and_wait seed=900026 hash=f53c793692ffefd4 
OK  open_floor_batch normal stop_and_wait seed=900027 hash=9be97b2db2af5dbc 
OK  open_floor_batch normal stop_and_wait seed=900028 hash=1ce2b0246efd12a3 
OK  open_floor_batch normal stop_and_wait seed=900029 hash=029b72339780b7f1 
OK  open_floor_batch normal stop_and_wait seed=900030 hash=9a202fa882d26470 
OK  open_floor_batch normal stop_and_wait seed=900031 hash=d9dcd06d19556624 
OK  open_floor_batch normal stop_and_wait seed=900032 hash=7c773588e65b79f1 
OK  open_floor_batch normal stop_and_wait seed=900033 hash=c3bcdb3f83748de7 
OK  open_floor_batch normal stop_and_wait seed=900034 hash=be26034be3e1fafa 
OK  open_floor_batch normal stop_and_wait seed=900035 hash=c4d727f83d24feef 
OK  open_floor_batch normal stop_and_wait seed=900036 hash=217f19b3080c1a5f 
OK  open_floor_batch normal stop_and_wait seed=900037 hash=ccc5faacfe8d3db8 
OK  open_floor_batch normal stop_and_wait seed=900038 hash=045490938985a975 
OK  open_floor_batch normal stop_and_wait seed=900039 hash=cd9b412004e33ad2 
OK  open_floor_batch normal stop_and_wait seed=900040 hash=d96a11ba41063345 
OK  open_floor_batch normal baseline seed=900001 hash=274556bc9c478f08 
OK  open_floor_batch normal baseline seed=900002 hash=cf9ba2fd2492392a 
OK  open_floor_batch normal baseline seed=900003 hash=9d85cbc91d1e031d 
OK  open_floor_batch normal baseline seed=900004 hash=8afc0596894a1e76 
OK  open_floor_batch normal baseline seed=900005 hash=4fabd5dbf36ec0cd 
OK  open_floor_batch normal baseline seed=900006 hash=06519860edb39cf3 
OK  open_floor_batch normal baseline seed=900007 hash=a44591660b4fa67c 
OK  open_floor_batch normal baseline seed=900008 hash=b4140f7c38119770 
OK  open_floor_batch normal baseline seed=900009 hash=afb2a4d062ecfc82 
OK  open_floor_batch normal baseline seed=900010 hash=14c092953133aff7 
OK  open_floor_batch normal baseline seed=900011 hash=edf4e8cd67678722 
OK  open_floor_batch normal baseline seed=900012 hash=6becb1248e67b324 
OK  open_floor_batch normal baseline seed=900013 hash=c1e26f670266bf7f 
OK  open_floor_batch normal baseline seed=900014 hash=81f5e04af7605991 
OK  open_floor_batch normal baseline seed=900015 hash=4fc82eecde5fc7f8 
OK  open_floor_batch normal baseline seed=900016 hash=74ef4525ec1f1f99 
OK  open_floor_batch normal baseline seed=900017 hash=01d2b6a184de6df6 
OK  open_floor_batch normal baseline seed=900018 hash=25bbf0316997f9c5 
OK  open_floor_batch normal baseline seed=900019 hash=d940baa4ec730a4d 
OK  open_floor_batch normal baseline seed=900020 hash=09810d94308e8cd2 
OK  open_floor_batch normal baseline seed=900021 hash=c9a94b494b948fde 
OK  open_floor_batch normal baseline seed=900022 hash=55db633e2d04c29f 
OK  open_floor_batch normal baseline seed=900023 hash=232387001e998c28 
OK  open_floor_batch normal baseline seed=900024 hash=5ed6a4cb5def36c1 
OK  open_floor_batch normal baseline seed=900025 hash=41eb8d1181f9e23f 
OK  open_floor_batch normal baseline seed=900026 hash=f056a3166a73acf3 
OK  open_floor_batch normal baseline seed=900027 hash=e6297121e86b0290 
OK  open_floor_batch normal baseline seed=900028 hash=326b882280731867 
OK  open_floor_batch normal baseline seed=900029 hash=59d3bac85fb54d72 
OK  open_floor_batch normal baseline seed=900030 hash=2de16cdf4b663b7a 
OK  open_floor_batch normal baseline seed=900031 hash=e3079b77392344c9 
OK  open_floor_batch normal baseline seed=900032 hash=63246bcc59d72e60 
OK  open_floor_batch normal baseline seed=900033 hash=76e882ff001af00d 
OK  open_floor_batch normal baseline seed=900034 hash=abd5f0148f12fa41 
OK  open_floor_batch normal baseline seed=900035 hash=af2ea987e711a144 
OK  open_floor_batch normal baseline seed=900036 hash=72711b9b6143b3c5 
OK  open_floor_batch normal baseline seed=900037 hash=00de8f13e315210c 
OK  open_floor_batch normal baseline seed=900038 hash=ccdb618f07602764 
OK  open_floor_batch normal baseline seed=900039 hash=90bfb3ab9cf09a51 
OK  open_floor_batch normal baseline seed=900040 hash=1c0fe46ecf94a59d 
OK  open_floor_batch normal swarmos seed=900001 hash=32b257cc5b730847 
OK  open_floor_batch normal swarmos seed=900002 hash=080e83f7272f9f91 
OK  open_floor_batch normal swarmos seed=900003 hash=579b7a90229ace0f 
OK  open_floor_batch normal swarmos seed=900004 hash=f3dac24aa4d68794 
OK  open_floor_batch normal swarmos seed=900005 hash=6f3f81bd759533a0 
OK  open_floor_batch normal swarmos seed=900006 hash=544b81baf78b78a8 
OK  open_floor_batch normal swarmos seed=900007 hash=9f47e01510a1d115 
OK  open_floor_batch normal swarmos seed=900008 hash=33870e1d02f2b253 
OK  open_floor_batch normal swarmos seed=900009 hash=6e299123d3123d5a 
OK  open_floor_batch normal swarmos seed=900010 hash=af3732fb3e23ce66 
OK  open_floor_batch normal swarmos seed=900011 hash=28d13b01beea1dee 
OK  open_floor_batch normal swarmos seed=900012 hash=845b9033e58bc538 
OK  open_floor_batch normal swarmos seed=900013 hash=e281b3345c5004d5 
OK  open_floor_batch normal swarmos seed=900014 hash=a208fa73d69c9ea4 
OK  open_floor_batch normal swarmos seed=900015 hash=08a29dda4612e043 
OK  open_floor_batch normal swarmos seed=900016 hash=af3f26bc48f1137d 
OK  open_floor_batch normal swarmos seed=900017 hash=e41843a401f488fa 
OK  open_floor_batch normal swarmos seed=900018 hash=a9c3c1d140f0fd13 
OK  open_floor_batch normal swarmos seed=900019 hash=ebe3f19acfbcdca8 
OK  open_floor_batch normal swarmos seed=900020 hash=c1ce45453713abe2 
OK  open_floor_batch normal swarmos seed=900021 hash=fb6421a4d6c740b2 
OK  open_floor_batch normal swarmos seed=900022 hash=3d17f9cf794a657c 
OK  open_floor_batch normal swarmos seed=900023 hash=1ebf4fe0e411f5c6 
OK  open_floor_batch normal swarmos seed=900024 hash=3721cc1806101656 
OK  open_floor_batch normal swarmos seed=900025 hash=a878a1240e92e3b9 
OK  open_floor_batch normal swarmos seed=900026 hash=a376b25fee284bc7 
OK  open_floor_batch normal swarmos seed=900027 hash=9bb6b3610fcdfe2e 
OK  open_floor_batch normal swarmos seed=900028 hash=1eef0085eefd68a3 
OK  open_floor_batch normal swarmos seed=900029 hash=396ecfa878e9a851 
OK  open_floor_batch normal swarmos seed=900030 hash=676207adcd5429d0 
OK  open_floor_batch normal swarmos seed=900031 hash=c8da5f13ba14867c 
OK  open_floor_batch normal swarmos seed=900032 hash=ef805dd3b4bd4a54 
OK  open_floor_batch normal swarmos seed=900033 hash=5d551ad05997267c 
OK  open_floor_batch normal swarmos seed=900034 hash=7b250bb2adb3953e 
OK  open_floor_batch normal swarmos seed=900035 hash=2fd058cb1d981557 
OK  open_floor_batch normal swarmos seed=900036 hash=d45663fbb4036b13 
OK  open_floor_batch normal swarmos seed=900037 hash=2fa07463998eef26 
OK  open_floor_batch normal swarmos seed=900038 hash=07112d7540934723 
OK  open_floor_batch normal swarmos seed=900039 hash=a66227baa0c60546 
OK  open_floor_batch normal swarmos seed=900040 hash=39cc1f1c9bf98c1c 
OK  open_floor_batch normal swarmos_mhb seed=900001 hash=b6198530d4d17775 
OK  open_floor_batch normal swarmos_mhb seed=900002 hash=d638bfd5b6d388d1 
OK  open_floor_batch normal swarmos_mhb seed=900003 hash=d8b0b0b012ef4711 
OK  open_floor_batch normal swarmos_mhb seed=900004 hash=a2324f01cc8e69b6 
OK  open_floor_batch normal swarmos_mhb seed=900005 hash=f05ad3a45abb6371 
OK  open_floor_batch normal swarmos_mhb seed=900006 hash=40ac04312cab4b23 
OK  open_floor_batch normal swarmos_mhb seed=900007 hash=454bac40faa0c925 
OK  open_floor_batch normal swarmos_mhb seed=900008 hash=3e671ee791c35890 
OK  open_floor_batch normal swarmos_mhb seed=900009 hash=8971491988a9d005 
OK  open_floor_batch normal swarmos_mhb seed=900010 hash=2e4cc7625a8008ff 
OK  open_floor_batch normal swarmos_mhb seed=900011 hash=70c4485ec7cae844 
OK  open_floor_batch normal swarmos_mhb seed=900012 hash=6dd3294ae32479bd 
OK  open_floor_batch normal swarmos_mhb seed=900013 hash=69efe8e29e29f6f3 
OK  open_floor_batch normal swarmos_mhb seed=900014 hash=771f310c12e46526 
OK  open_floor_batch normal swarmos_mhb seed=900015 hash=d34cd97f23e5b0ea 
OK  open_floor_batch normal swarmos_mhb seed=900016 hash=beaba88c80a2792a 
OK  open_floor_batch normal swarmos_mhb seed=900017 hash=622dbec0247681a1 
OK  open_floor_batch normal swarmos_mhb seed=900018 hash=9e6196d9fa75b3a0 
OK  open_floor_batch normal swarmos_mhb seed=900019 hash=2382a7445488dd5f 
OK  open_floor_batch normal swarmos_mhb seed=900020 hash=60971a5f72c6fede 
OK  open_floor_batch normal swarmos_mhb seed=900021 hash=ea7773c06e88e06d 
OK  open_floor_batch normal swarmos_mhb seed=900022 hash=ea6815901f2acfe0 
OK  open_floor_batch normal swarmos_mhb seed=900023 hash=c692f1d42f283126 
OK  open_floor_batch normal swarmos_mhb seed=900024 hash=488aa5a2ede51e0b 
OK  open_floor_batch normal swarmos_mhb seed=900025 hash=5f6126badefb09ae 
OK  open_floor_batch normal swarmos_mhb seed=900026 hash=e6e5518aa9126baa 
OK  open_floor_batch normal swarmos_mhb seed=900027 hash=0c1832edca7384c0 
OK  open_floor_batch normal swarmos_mhb seed=900028 hash=1ab8b644db103844 
OK  open_floor_batch normal swarmos_mhb seed=900029 hash=678f844b53b436d0 
OK  open_floor_batch normal swarmos_mhb seed=900030 hash=ec98045fd9188bdc 
OK  open_floor_batch normal swarmos_mhb seed=900031 hash=771d6f1734001075 
OK  open_floor_batch normal swarmos_mhb seed=900032 hash=d6abe0ca007e78b6 
OK  open_floor_batch normal swarmos_mhb seed=900033 hash=8f1907a69435b520 
OK  open_floor_batch normal swarmos_mhb seed=900034 hash=cb9f2c04547a37f4 
OK  open_floor_batch normal swarmos_mhb seed=900035 hash=9bd5fe2583c973b1 
OK  open_floor_batch normal swarmos_mhb seed=900036 hash=099610576b68a0c3 
OK  open_floor_batch normal swarmos_mhb seed=900037 hash=b0b66b3eab444b05 
OK  open_floor_batch normal swarmos_mhb seed=900038 hash=6cbdaeb4ed61d19b 
OK  open_floor_batch normal swarmos_mhb seed=900039 hash=f306eff10ddc447b 
OK  open_floor_batch normal swarmos_mhb seed=900040 hash=9b8a78d32770f677 
320/320 reproduced exactly
exit=0
