[INFO]  set $FDIPGLOB: /home/fdipglob
[INFO]    This is TR Environment, cadappl is not supported anymore

scenario=rush_50 fleet=24 ticks=900

seed 11
  baseline      done=   7 coll=   0 near=  3057 p95=1.0ms
  monitor_only  done=   4 coll=   0 near=  7029 p95=4.0ms
  ladder_only   done=  12 coll=  54 near=   978 p95=3.9ms
  full          done=   2 coll=   0 near=  6559 p95=5.5ms

seed 13
  baseline      done=   4 coll=   0 near=  7711 p95=1.0ms
  monitor_only  done=   3 coll=   1 near=  8804 p95=5.3ms
  ladder_only   done=  11 coll=  72 near=   889 p95=3.9ms
  full          done=   4 coll=   0 near=  8250 p95=5.3ms

seed 17
  baseline      done=   8 coll=   0 near=  4212 p95=0.9ms
  monitor_only  done=   6 coll=   1 near=  5688 p95=3.9ms
  ladder_only   done=  14 coll=  47 near=   639 p95=3.1ms
  full          done=   7 coll=   0 near=  6095 p95=3.3ms

total completions over all seeds
  baseline        19   vs baseline +0.0%
  monitor_only    13   vs baseline -31.6%
  ladder_only     37   vs baseline +94.7%
  full            13   vs baseline -31.6%
