[INFO]  set $FDIPGLOB: /home/fdipglob
[INFO]    This is TR Environment, cadappl is not supported anymore


=== baseline ===
  seed 11: done=  7 coll=  0 overlap_ticks=    0 moving= 80.0%
           verdicts={'PROCEED': 17281, 'SLOW': 0, 'YIELD': 0, 'WAIT': 4201, 'REROUTE': 118} replans=287
  seed 13: done=  4 coll=  0 overlap_ticks=    0 moving= 55.9%
           verdicts={'PROCEED': 12076, 'SLOW': 0, 'YIELD': 0, 'WAIT': 9227, 'REROUTE': 297} replans=637
  seed 17: done=  8 coll=  0 overlap_ticks=    0 moving= 74.5%
           verdicts={'PROCEED': 16090, 'SLOW': 0, 'YIELD': 0, 'WAIT': 5345, 'REROUTE': 165} replans=382

=== monitor_only ===
  seed 11: done=  4 coll=  0 overlap_ticks=    0 moving= 65.0%
           verdicts={'PROCEED': 12689, 'SLOW': 1359, 'YIELD': 0, 'WAIT': 7320, 'REROUTE': 232} replans=510
           vetoes=7552 clamps=1359 clamp_ratio=0.153 held_now=14 policy_reroutes=232
  seed 13: done=  3 coll=  1 overlap_ticks=  470 moving= 48.1%
           verdicts={'PROCEED': 9959, 'SLOW': 440, 'YIELD': 0, 'WAIT': 10850, 'REROUTE': 351} replans=745
           vetoes=11201 clamps=440 clamp_ratio=0.038 held_now=17 policy_reroutes=351
  seed 17: done=  6 coll=  1 overlap_ticks=  398 moving= 65.9%
           verdicts={'PROCEED': 13266, 'SLOW': 971, 'YIELD': 0, 'WAIT': 7138, 'REROUTE': 225} replans=500
           vetoes=7363 clamps=971 clamp_ratio=0.117 held_now=15 policy_reroutes=225

=== ladder_only ===
  seed 11: done= 12 coll= 54 overlap_ticks= 2152 moving= 92.6%
           verdicts={'PROCEED': 16482, 'SLOW': 3516, 'YIELD': 1568, 'WAIT': 0, 'REROUTE': 34} replans=128
  seed 13: done= 11 coll= 72 overlap_ticks= 2098 moving= 90.7%
           verdicts={'PROCEED': 17155, 'SLOW': 2428, 'YIELD': 1974, 'WAIT': 0, 'REROUTE': 43} replans=146
  seed 17: done= 14 coll= 47 overlap_ticks= 1791 moving= 93.3%
           verdicts={'PROCEED': 17642, 'SLOW': 2504, 'YIELD': 1431, 'WAIT': 0, 'REROUTE': 23} replans=110

=== full ===
  seed 11: done=  2 coll=  0 overlap_ticks=    0 moving= 57.9%
           verdicts={'PROCEED': 10220, 'SLOW': 2288, 'YIELD': 4919, 'WAIT': 4026, 'REROUTE': 147} replans=338
           vetoes=4144 clamps=881 clamp_ratio=0.175 held_now=17 policy_reroutes=147
  seed 13: done=  4 coll=  0 overlap_ticks=    0 moving= 51.5%
           verdicts={'PROCEED': 8614, 'SLOW': 2505, 'YIELD': 5714, 'WAIT': 4579, 'REROUTE': 188} replans=420
           vetoes=4715 clamps=987 clamp_ratio=0.173 held_now=16 policy_reroutes=188
  seed 17: done=  7 coll=  0 overlap_ticks=    0 moving= 65.3%
           verdicts={'PROCEED': 11296, 'SLOW': 2803, 'YIELD': 4235, 'WAIT': 3147, 'REROUTE': 119} replans=291
           vetoes=3236 clamps=1196 clamp_ratio=0.270 held_now=11 policy_reroutes=119
