[INFO]  set $FDIPGLOB: /home/fdipglob

[INFO]    This is TR Environment, cadappl is not supported anymore
applied: contest reserved for the floor, closing band now graded
SYNTAX OK
scenario=rush_50 fleet=24 ticks=900

seed 11
  baseline      done=   7 coll=   0 near=  3057 p95=0.9ms
  monitor_only  done=   4 coll=   0 near=  7029 p95=3.7ms
  ladder_only   done=   9 coll=  70 near=  1095 p95=3.6ms
  full          done=   2 coll=   0 near=  7621 p95=5.3ms

seed 13
  baseline      done=   4 coll=   0 near=  7711 p95=1.0ms
  monitor_only  done=   3 coll=   1 near=  8804 p95=5.1ms
  ladder_only   done=  11 coll=  58 near=  1297 p95=3.6ms
  full          done=   3 coll=   0 near=  7256 p95=4.7ms

seed 17
  baseline      done=   8 coll=   0 near=  4212 p95=0.9ms
  monitor_only  done=   6 coll=   1 near=  5688 p95=4.0ms
  ladder_only   done=  13 coll=  43 near=   688 p95=3.4ms
  full          done=   6 coll=   0 near=  6590 p95=4.4ms

total completions over all seeds
  baseline        19   vs baseline +0.0%
  monitor_only    13   vs baseline -31.6%
  ladder_only     33   vs baseline +73.7%
  full            11   vs baseline -42.1%
