[INFO]  set $FDIPGLOB: /home/fdipglob

[INFO]    This is TR Environment, cadappl is not supported anymore
scenario=rush_50 fleet=24 ticks=900

seed 11
  baseline      done=   7 coll=   0 near=  3057 p95=0.8ms
  monitor_only  done=   2 coll=   0 near=  9260 p95=2.8ms
  ladder_only   done=  12 coll=2152 near=   978 p95=3.4ms
  full          done=   1 coll=   0 near=  8935 p95=3.8ms

seed 13
  baseline      done=   4 coll=   0 near=  7711 p95=0.9ms
  monitor_only  done=   1 coll=   0 near= 11166 p95=2.7ms
  ladder_only   done=  11 coll=2098 near=   889 p95=3.5ms
  full          done=   0 coll=   0 near=  9681 p95=3.5ms

seed 17
  baseline      done=   8 coll=   0 near=  4212 p95=0.8ms
  monitor_only  done=   4 coll=   0 near=  7131 p95=2.9ms
  ladder_only   done=  14 coll=1791 near=   639 p95=2.9ms
  full          done=   3 coll=   0 near=  7724 p95=3.6ms

total completions over all seeds
  baseline        19   vs baseline +0.0%
  monitor_only     7   vs baseline -63.2%
  ladder_only     37   vs baseline +94.7%
  full             4   vs baseline -78.9%
