[INFO]  set $FDIPGLOB: /home/fdipglob
[INFO]    This is TR Environment, cadappl is not supported anymore

scenario=rush_50 fleet=24 ticks=900 seeds=(11, 13, 17)
swarmos committed MONITOR_STUCK_TICKS=4

BASELINE StopAndWaitPolicy.STUCK_TICKS sweep
 stuck  total         coll   replans
     2     25        0/0/0      8378
     3     27        0/0/0      4422
     4     28        0/0/0      3173
     5     27        0/0/0      2834
     6     28        0/0/0      2400
     8     29        0/0/0      2373
    12     28        0/0/0      1572
    20     20        0/0/0      1705
    30     19        0/0/0      1306

SWARMOS MONITOR_STUCK_TICKS sweep
 stuck  total         coll   replans
     2     14        0/1/0     11037
     3     19        0/0/0      6061
     4     20        0/0/0      5466
     5     18        0/0/0      4595
     6     18        0/0/0      4082
     8     17        0/0/0      3592
    12     18        0/0/0      2275
    20     15        0/0/0      1311
    30     13        0/0/0      1035

LIKE-FOR-LIKE (same k on both sides)
     k   base  swarm     delta
     2     25     14    -44.0%
     3     27     19    -29.6%
     4     28     20    -28.6%
     5     27     18    -33.3%
     6     28     18    -35.7%
     8     29     17    -41.4%
    12     28     18    -35.7%
    20     20     15    -25.0%
    30     19     13    -31.6%

BEST-VERSUS-BEST (collision-free configurations only)
  baseline optimum  k=8  total=29
  swarmos  optimum  k=4  total=20
  honest headline delta: -31.0%
