code identity: MATCH f3dabbf0d732bfc218a1ab31f906299ca1baee5c4b1de148534b16c0d023094f
arm configs: MATCH
OK  overlap_batch normal stop_and_wait+F1+F6 seed=600001 hash=9504a2f18cf185b4 
OK  overlap_batch normal stop_and_wait+F1+F6 seed=600002 hash=25fe8f920e4eb720 
OK  overlap_batch normal stop_and_wait+F1+F6 seed=600003 hash=b8356d19793cd390 
OK  overlap_batch normal stop_and_wait+F1+F6 seed=600004 hash=67ecca6e3b4bd932 
OK  overlap_batch normal stop_and_wait+F1+F6 seed=600005 hash=863cb8dff218795d 
OK  overlap_batch normal stop_and_wait+F1+F6 seed=600006 hash=f4ad6fa6a80ce2fa 
OK  overlap_batch normal stop_and_wait+F1+F6 seed=600007 hash=b6da47cde92a950c 
OK  overlap_batch normal stop_and_wait+F1+F6 seed=600008 hash=820d969ea360760c 
OK  overlap_batch normal stop_and_wait+F1+F6 seed=600009 hash=348401474f3f755b 
OK  overlap_batch normal stop_and_wait+F1+F6 seed=600010 hash=d9eb78e8174e71b2 
OK  overlap_batch normal stop_and_wait+F1+F6 seed=600011 hash=06e56f1334746c06 
OK  overlap_batch normal stop_and_wait+F1+F6 seed=600012 hash=32b5d89f989993e7 
OK  overlap_batch normal stop_and_wait+F1+F6 seed=600013 hash=fa8504f51fdc543c 
OK  overlap_batch normal stop_and_wait+F1+F6 seed=600014 hash=023960b913986a15 
OK  overlap_batch normal stop_and_wait+F1+F6 seed=600015 hash=b975c778d0a3df1e 
OK  overlap_batch normal stop_and_wait+F1+F6 seed=600016 hash=b1cd0e203a06c35a 
OK  overlap_batch normal stop_and_wait+F1+F6 seed=600017 hash=cb7fc43510747ca6 
OK  overlap_batch normal stop_and_wait+F1+F6 seed=600018 hash=2e4baf5057c6dd29 
OK  overlap_batch normal stop_and_wait+F1+F6 seed=600019 hash=1aaafc03c70ad35e 
OK  overlap_batch normal stop_and_wait+F1+F6 seed=600020 hash=31238eec12c92772 
OK  overlap_batch normal stop_and_wait+F1+F6 seed=600021 hash=7fd09187e70b2104 
OK  overlap_batch normal stop_and_wait+F1+F6 seed=600022 hash=9eb8aeb2532a28f1 
OK  overlap_batch normal stop_and_wait+F1+F6 seed=600023 hash=905256a95e1c9c1f 
OK  overlap_batch normal stop_and_wait+F1+F6 seed=600024 hash=5a48ceccc46105eb 
OK  overlap_batch normal stop_and_wait+F1+F6 seed=600025 hash=b971331283f4d5f9 
OK  overlap_batch normal stop_and_wait+F1+F6 seed=600026 hash=62f9b962fad05a51 
OK  overlap_batch normal stop_and_wait+F1+F6 seed=600027 hash=6604bd34cbd8811f 
OK  overlap_batch normal stop_and_wait+F1+F6 seed=600028 hash=de1908f65458c304 
OK  overlap_batch normal stop_and_wait+F1+F6 seed=600029 hash=48439d866fbaacc7 
OK  overlap_batch normal stop_and_wait+F1+F6 seed=600030 hash=5d4ed999b2b938ee 
OK  overlap_batch normal stop_and_wait+F1+F6 seed=600031 hash=f5d3e60792f9cdec 
OK  overlap_batch normal stop_and_wait+F1+F6 seed=600032 hash=649a1845e267fd2e 
OK  overlap_batch normal stop_and_wait+F1+F6 seed=600033 hash=be1a3d3f3aa21e11 
OK  overlap_batch normal stop_and_wait+F1+F6 seed=600034 hash=5492f9056e31658a 
OK  overlap_batch normal stop_and_wait+F1+F6 seed=600035 hash=b24ca6beabc4dd54 
OK  overlap_batch normal stop_and_wait+F1+F6 seed=600036 hash=6aa05251fa622df1 
OK  overlap_batch normal stop_and_wait+F1+F6 seed=600037 hash=923bf77994628237 
OK  overlap_batch normal stop_and_wait+F1+F6 seed=600038 hash=f8dbc594bea88ccf 
OK  overlap_batch normal stop_and_wait+F1+F6 seed=600039 hash=b7722f8d898879df 
OK  overlap_batch normal stop_and_wait+F1+F6 seed=600040 hash=ec3fc024f717ebf1 
OK  overlap_batch normal baseline+F1+F6 seed=600001 hash=b2374b5d955235a3 
OK  overlap_batch normal baseline+F1+F6 seed=600002 hash=d8bc22923b8c9d30 
OK  overlap_batch normal baseline+F1+F6 seed=600003 hash=e41432a5c12818a8 
OK  overlap_batch normal baseline+F1+F6 seed=600004 hash=50a68a5a75ac0734 
OK  overlap_batch normal baseline+F1+F6 seed=600005 hash=2e56f864860f4444 
OK  overlap_batch normal baseline+F1+F6 seed=600006 hash=45b79bb7217cc0b1 
OK  overlap_batch normal baseline+F1+F6 seed=600007 hash=3908f4dad836ef9b 
OK  overlap_batch normal baseline+F1+F6 seed=600008 hash=d5cb54dc16c22e04 
OK  overlap_batch normal baseline+F1+F6 seed=600009 hash=6782153831b3c288 
OK  overlap_batch normal baseline+F1+F6 seed=600010 hash=fc9089c74ee2d4a6 
OK  overlap_batch normal baseline+F1+F6 seed=600011 hash=2ee996d07ddc5cec 
OK  overlap_batch normal baseline+F1+F6 seed=600012 hash=b403342848dabf7e 
OK  overlap_batch normal baseline+F1+F6 seed=600013 hash=0bc8b52cbad71860 
OK  overlap_batch normal baseline+F1+F6 seed=600014 hash=53a6803ee228454a 
OK  overlap_batch normal baseline+F1+F6 seed=600015 hash=e30a6943fa0df238 
OK  overlap_batch normal baseline+F1+F6 seed=600016 hash=bc80c2a19abf2bfe 
OK  overlap_batch normal baseline+F1+F6 seed=600017 hash=a5fa222e8112f660 
OK  overlap_batch normal baseline+F1+F6 seed=600018 hash=1cdc80f917d27bea 
OK  overlap_batch normal baseline+F1+F6 seed=600019 hash=24969891d002c0cf 
OK  overlap_batch normal baseline+F1+F6 seed=600020 hash=165923fd60b3d8bd 
OK  overlap_batch normal baseline+F1+F6 seed=600021 hash=ed56c5458a0d49d0 
OK  overlap_batch normal baseline+F1+F6 seed=600022 hash=7f5d63d6ef734ef7 
OK  overlap_batch normal baseline+F1+F6 seed=600023 hash=425405d36627e3bf 
OK  overlap_batch normal baseline+F1+F6 seed=600024 hash=83fbe474feadf34b 
OK  overlap_batch normal baseline+F1+F6 seed=600025 hash=907a85f993137d41 
OK  overlap_batch normal baseline+F1+F6 seed=600026 hash=0ffbd1a5911d2274 
OK  overlap_batch normal baseline+F1+F6 seed=600027 hash=950310b7286cbce8 
OK  overlap_batch normal baseline+F1+F6 seed=600028 hash=2c1bcf9f3d35984c 
OK  overlap_batch normal baseline+F1+F6 seed=600029 hash=5adc20fb7c3a3c84 
OK  overlap_batch normal baseline+F1+F6 seed=600030 hash=4e95f883b40e374e 
OK  overlap_batch normal baseline+F1+F6 seed=600031 hash=d496a05de42797eb 
OK  overlap_batch normal baseline+F1+F6 seed=600032 hash=8e8550b37d2f2490 
OK  overlap_batch normal baseline+F1+F6 seed=600033 hash=3a4f79504cb5923e 
OK  overlap_batch normal baseline+F1+F6 seed=600034 hash=5c99775b286fd416 
OK  overlap_batch normal baseline+F1+F6 seed=600035 hash=5d402ad046cdec16 
OK  overlap_batch normal baseline+F1+F6 seed=600036 hash=57981293be5d42c9 
OK  overlap_batch normal baseline+F1+F6 seed=600037 hash=0761b987450d3405 
OK  overlap_batch normal baseline+F1+F6 seed=600038 hash=6ff6eeb9be6d0544 
OK  overlap_batch normal baseline+F1+F6 seed=600039 hash=70ab74981891f9d5 
OK  overlap_batch normal baseline+F1+F6 seed=600040 hash=ebf9711d0cdca1fa 
OK  overlap_batch normal swarmos seed=600001 hash=9cc13299a436b883 
OK  overlap_batch normal swarmos seed=600002 hash=c4e56e1624385706 
OK  overlap_batch normal swarmos seed=600003 hash=9710a072fd2bd875 
OK  overlap_batch normal swarmos seed=600004 hash=1247a2131c8b84f2 
OK  overlap_batch normal swarmos seed=600005 hash=60f5cdb4c347f25c 
OK  overlap_batch normal swarmos seed=600006 hash=8de9008c38867cab 
OK  overlap_batch normal swarmos seed=600007 hash=33e54222640ded4a 
OK  overlap_batch normal swarmos seed=600008 hash=581c3786e96f90b9 
OK  overlap_batch normal swarmos seed=600009 hash=7a19cec0065ff00e 
OK  overlap_batch normal swarmos seed=600010 hash=c62b4f1cb0ee54e6 
OK  overlap_batch normal swarmos seed=600011 hash=31d77c51eca551a8 
OK  overlap_batch normal swarmos seed=600012 hash=a2455f43beac3780 
OK  overlap_batch normal swarmos seed=600013 hash=d67bcec88276ed95 
OK  overlap_batch normal swarmos seed=600014 hash=bec463d974809de8 
OK  overlap_batch normal swarmos seed=600015 hash=f5ad63800264297b 
OK  overlap_batch normal swarmos seed=600016 hash=1221d598eab33b5d 
OK  overlap_batch normal swarmos seed=600017 hash=0e1674da105baf64 
OK  overlap_batch normal swarmos seed=600018 hash=c905b415c3d14076 
OK  overlap_batch normal swarmos seed=600019 hash=8d152f465897ca97 
OK  overlap_batch normal swarmos seed=600020 hash=2bc03b3669f2f25e 
OK  overlap_batch normal swarmos seed=600021 hash=86ffb81562034d53 
OK  overlap_batch normal swarmos seed=600022 hash=a6e6ed58a26dddf6 
OK  overlap_batch normal swarmos seed=600023 hash=c41448ea84b1553d 
OK  overlap_batch normal swarmos seed=600024 hash=fd95fb4d4d247732 
OK  overlap_batch normal swarmos seed=600025 hash=1fa51d490e5c8be8 
OK  overlap_batch normal swarmos seed=600026 hash=f4f1904f76c4ee86 
OK  overlap_batch normal swarmos seed=600027 hash=9b07fed31c2de6a1 
OK  overlap_batch normal swarmos seed=600028 hash=1e7d66381ed174d3 
OK  overlap_batch normal swarmos seed=600029 hash=ebe77fb9e14279d1 
OK  overlap_batch normal swarmos seed=600030 hash=3e0d97d055127d89 
OK  overlap_batch normal swarmos seed=600031 hash=64381feab2ef3f84 
OK  overlap_batch normal swarmos seed=600032 hash=4ce446389dd62fcd 
OK  overlap_batch normal swarmos seed=600033 hash=058b86063779bb7c 
OK  overlap_batch normal swarmos seed=600034 hash=ae5d2d0cc2df3eeb 
OK  overlap_batch normal swarmos seed=600035 hash=4107c908973891b4 
OK  overlap_batch normal swarmos seed=600036 hash=eb6a4ae4ce3035e7 
OK  overlap_batch normal swarmos seed=600037 hash=c5f66b40f06452a1 
OK  overlap_batch normal swarmos seed=600038 hash=8e161f302e9a1a7b 
OK  overlap_batch normal swarmos seed=600039 hash=7ddf15e3b3a73d97 
OK  overlap_batch normal swarmos seed=600040 hash=74960468f531e9dc 
OK  open_floor_batch normal stop_and_wait+F1+F6 seed=600001 hash=0600d9725905299a 
OK  open_floor_batch normal stop_and_wait+F1+F6 seed=600002 hash=9f685ed54cc21983 
OK  open_floor_batch normal stop_and_wait+F1+F6 seed=600003 hash=a4096e9e18a6e737 
OK  open_floor_batch normal stop_and_wait+F1+F6 seed=600004 hash=2b1ee5c93e381b79 
OK  open_floor_batch normal stop_and_wait+F1+F6 seed=600005 hash=cd89bbfa2610fc90 
OK  open_floor_batch normal stop_and_wait+F1+F6 seed=600006 hash=95591321e29fd479 
OK  open_floor_batch normal stop_and_wait+F1+F6 seed=600007 hash=e985d01e76ce755c 
OK  open_floor_batch normal stop_and_wait+F1+F6 seed=600008 hash=fe0950127d446033 
OK  open_floor_batch normal stop_and_wait+F1+F6 seed=600009 hash=be3efc70c839c28b 
OK  open_floor_batch normal stop_and_wait+F1+F6 seed=600010 hash=c0b16fd7ea697570 
OK  open_floor_batch normal stop_and_wait+F1+F6 seed=600011 hash=e95aded11a0f2f9d 
OK  open_floor_batch normal stop_and_wait+F1+F6 seed=600012 hash=813f1b42cdd71905 
OK  open_floor_batch normal stop_and_wait+F1+F6 seed=600013 hash=5ef216219ef46e6b 
OK  open_floor_batch normal stop_and_wait+F1+F6 seed=600014 hash=f3503b7aa354aad1 
OK  open_floor_batch normal stop_and_wait+F1+F6 seed=600015 hash=dc107b3e3124201b 
OK  open_floor_batch normal stop_and_wait+F1+F6 seed=600016 hash=75f62398319211e5 
OK  open_floor_batch normal stop_and_wait+F1+F6 seed=600017 hash=da4581ac204d1a15 
OK  open_floor_batch normal stop_and_wait+F1+F6 seed=600018 hash=b810d42c83a2b15a 
OK  open_floor_batch normal stop_and_wait+F1+F6 seed=600019 hash=44be6d8748c47cda 
OK  open_floor_batch normal stop_and_wait+F1+F6 seed=600020 hash=a16d6f4f8178108c 
OK  open_floor_batch normal stop_and_wait+F1+F6 seed=600021 hash=3ccc7aa9c7eda652 
OK  open_floor_batch normal stop_and_wait+F1+F6 seed=600022 hash=91950f184b1c50de 
OK  open_floor_batch normal stop_and_wait+F1+F6 seed=600023 hash=efddf44903892585 
OK  open_floor_batch normal stop_and_wait+F1+F6 seed=600024 hash=87749dee332ff456 
OK  open_floor_batch normal stop_and_wait+F1+F6 seed=600025 hash=9a0c590397be6f93 
OK  open_floor_batch normal stop_and_wait+F1+F6 seed=600026 hash=659c1db2b09a8ef2 
OK  open_floor_batch normal stop_and_wait+F1+F6 seed=600027 hash=de73a7076a00dd7a 
OK  open_floor_batch normal stop_and_wait+F1+F6 seed=600028 hash=27b39f645996fd69 
OK  open_floor_batch normal stop_and_wait+F1+F6 seed=600029 hash=405485a06066528a 
OK  open_floor_batch normal stop_and_wait+F1+F6 seed=600030 hash=1e27137ae2dae675 
OK  open_floor_batch normal stop_and_wait+F1+F6 seed=600031 hash=4b766c37e7b24200 
OK  open_floor_batch normal stop_and_wait+F1+F6 seed=600032 hash=ac0eef4927eb20b8 
OK  open_floor_batch normal stop_and_wait+F1+F6 seed=600033 hash=c0dcfb785cbe17af 
OK  open_floor_batch normal stop_and_wait+F1+F6 seed=600034 hash=f0b97bae7fba77cf 
OK  open_floor_batch normal stop_and_wait+F1+F6 seed=600035 hash=def2cc1aae718daf 
OK  open_floor_batch normal stop_and_wait+F1+F6 seed=600036 hash=b68c260bd2997a1f 
OK  open_floor_batch normal stop_and_wait+F1+F6 seed=600037 hash=1f46725881d1ee94 
OK  open_floor_batch normal stop_and_wait+F1+F6 seed=600038 hash=aee5980145f9cecd 
OK  open_floor_batch normal stop_and_wait+F1+F6 seed=600039 hash=b9922cf0356b9960 
OK  open_floor_batch normal stop_and_wait+F1+F6 seed=600040 hash=6daf1fa19f744ea0 
OK  open_floor_batch normal baseline+F1+F6 seed=600001 hash=1578fe76d6e8e5b4 
OK  open_floor_batch normal baseline+F1+F6 seed=600002 hash=258640131752a0da 
OK  open_floor_batch normal baseline+F1+F6 seed=600003 hash=a4c92a047a59712b 
OK  open_floor_batch normal baseline+F1+F6 seed=600004 hash=c270c792697dfde9 
OK  open_floor_batch normal baseline+F1+F6 seed=600005 hash=e213c51877af8663 
OK  open_floor_batch normal baseline+F1+F6 seed=600006 hash=85f292a95db8638d 
OK  open_floor_batch normal baseline+F1+F6 seed=600007 hash=2740ad43855f897d 
OK  open_floor_batch normal baseline+F1+F6 seed=600008 hash=9cea122db0d906ce 
OK  open_floor_batch normal baseline+F1+F6 seed=600009 hash=8416632f8a927178 
OK  open_floor_batch normal baseline+F1+F6 seed=600010 hash=3e1be3e331a724ed 
OK  open_floor_batch normal baseline+F1+F6 seed=600011 hash=5088866ec92d912b 
OK  open_floor_batch normal baseline+F1+F6 seed=600012 hash=a7a6ffccb0b62ceb 
OK  open_floor_batch normal baseline+F1+F6 seed=600013 hash=1f7e54456954fb49 
OK  open_floor_batch normal baseline+F1+F6 seed=600014 hash=37a5189fc9e9d200 
OK  open_floor_batch normal baseline+F1+F6 seed=600015 hash=eccc0d4ecde59480 
OK  open_floor_batch normal baseline+F1+F6 seed=600016 hash=359f6bcee90bf142 
OK  open_floor_batch normal baseline+F1+F6 seed=600017 hash=191b5bc401b472b1 
OK  open_floor_batch normal baseline+F1+F6 seed=600018 hash=059773717bc34517 
OK  open_floor_batch normal baseline+F1+F6 seed=600019 hash=29f0d8f296d68761 
OK  open_floor_batch normal baseline+F1+F6 seed=600020 hash=b7993b1953f73de5 
OK  open_floor_batch normal baseline+F1+F6 seed=600021 hash=9ce83a13860ea783 
OK  open_floor_batch normal baseline+F1+F6 seed=600022 hash=b2db95608689512a 
OK  open_floor_batch normal baseline+F1+F6 seed=600023 hash=e82b1e26a87e9590 
OK  open_floor_batch normal baseline+F1+F6 seed=600024 hash=5f78da0cdf92bd7e 
OK  open_floor_batch normal baseline+F1+F6 seed=600025 hash=186a71e67a24cd68 
OK  open_floor_batch normal baseline+F1+F6 seed=600026 hash=1411f5130ff39612 
OK  open_floor_batch normal baseline+F1+F6 seed=600027 hash=10ad09b2f7220d7b 
OK  open_floor_batch normal baseline+F1+F6 seed=600028 hash=fc5f12b5e76327c8 
OK  open_floor_batch normal baseline+F1+F6 seed=600029 hash=6486e3f26bc5cfef 
OK  open_floor_batch normal baseline+F1+F6 seed=600030 hash=202962c99364c58d 
OK  open_floor_batch normal baseline+F1+F6 seed=600031 hash=6a0d29e9e19b3c6b 
OK  open_floor_batch normal baseline+F1+F6 seed=600032 hash=a7df6c6e6af1c473 
OK  open_floor_batch normal baseline+F1+F6 seed=600033 hash=ec6a281b7f697353 
OK  open_floor_batch normal baseline+F1+F6 seed=600034 hash=81302ae473451c88 
OK  open_floor_batch normal baseline+F1+F6 seed=600035 hash=2ed73a9b2be1eb3e 
OK  open_floor_batch normal baseline+F1+F6 seed=600036 hash=2b8b3f0656dbfd5f 
OK  open_floor_batch normal baseline+F1+F6 seed=600037 hash=a635e1dbfb6af7d7 
OK  open_floor_batch normal baseline+F1+F6 seed=600038 hash=38fc9860111d75bb 
OK  open_floor_batch normal baseline+F1+F6 seed=600039 hash=02f7cbe357ff97cd 
OK  open_floor_batch normal baseline+F1+F6 seed=600040 hash=9d60fe1c137adb11 
OK  open_floor_batch normal swarmos seed=600001 hash=2f27e3baa98e9d7f 
OK  open_floor_batch normal swarmos seed=600002 hash=477dff05e58fb19c 
OK  open_floor_batch normal swarmos seed=600003 hash=19b37657f86a09ce 
OK  open_floor_batch normal swarmos seed=600004 hash=2ae35a152d3d9b0e 
OK  open_floor_batch normal swarmos seed=600005 hash=adf7b615503dab27 
OK  open_floor_batch normal swarmos seed=600006 hash=c3cd42f14a508efe 
OK  open_floor_batch normal swarmos seed=600007 hash=9a2dfe2fecfd4c90 
OK  open_floor_batch normal swarmos seed=600008 hash=0cf5bd8a102ce871 
OK  open_floor_batch normal swarmos seed=600009 hash=f2b513ded8908d73 
OK  open_floor_batch normal swarmos seed=600010 hash=91241f0ec68e238a 
OK  open_floor_batch normal swarmos seed=600011 hash=45c27bb3c3a8d862 
OK  open_floor_batch normal swarmos seed=600012 hash=b7dd6c2e9405c496 
OK  open_floor_batch normal swarmos seed=600013 hash=a3b4de2cdc34c1b9 
OK  open_floor_batch normal swarmos seed=600014 hash=c51a85620edaf1c5 
OK  open_floor_batch normal swarmos seed=600015 hash=7135ddf99ed7c0ae 
OK  open_floor_batch normal swarmos seed=600016 hash=1d4021eb2236f95b 
OK  open_floor_batch normal swarmos seed=600017 hash=934e5e5ac3fae253 
OK  open_floor_batch normal swarmos seed=600018 hash=bdc8ae74785484a6 
OK  open_floor_batch normal swarmos seed=600019 hash=93cd4a9ed2247c79 
OK  open_floor_batch normal swarmos seed=600020 hash=857d7c8d13c182d6 
OK  open_floor_batch normal swarmos seed=600021 hash=02608668ddc5c591 
OK  open_floor_batch normal swarmos seed=600022 hash=2b896bf8086d1cd4 
OK  open_floor_batch normal swarmos seed=600023 hash=01d942529271d18e 
OK  open_floor_batch normal swarmos seed=600024 hash=2ef53ad982ed3961 
OK  open_floor_batch normal swarmos seed=600025 hash=244e2639ea08a537 
OK  open_floor_batch normal swarmos seed=600026 hash=f6b6864beb765f51 
OK  open_floor_batch normal swarmos seed=600027 hash=5c7b2a19d20af999 
OK  open_floor_batch normal swarmos seed=600028 hash=5863971d3cd3ff6d 
OK  open_floor_batch normal swarmos seed=600029 hash=1f27906f80f35f30 
OK  open_floor_batch normal swarmos seed=600030 hash=7448fa9850f4f0e2 
OK  open_floor_batch normal swarmos seed=600031 hash=7f1f6a8f20621069 
OK  open_floor_batch normal swarmos seed=600032 hash=0fdd5eb143f0af63 
OK  open_floor_batch normal swarmos seed=600033 hash=6d76176b0bb87212 
OK  open_floor_batch normal swarmos seed=600034 hash=c04fdf4077c1f433 
OK  open_floor_batch normal swarmos seed=600035 hash=0c9723dea8abe90f 
OK  open_floor_batch normal swarmos seed=600036 hash=3e3cd67694f9e7fb 
OK  open_floor_batch normal swarmos seed=600037 hash=80941efd79e4b430 
OK  open_floor_batch normal swarmos seed=600038 hash=17eaf329763c8f22 
OK  open_floor_batch normal swarmos seed=600039 hash=e1790197d136ce90 
OK  open_floor_batch normal swarmos seed=600040 hash=8b20e42247b6bd77 
240/240 reproduced exactly
exit=0
