code identity: MATCH d7d8aacd477552a19dcb56a7731cc9611f8ea65c961af1e82a7559c76e841a90
arm configs: MATCH
OK  overlap_batch normal stop_and_wait+F1+F6 seed=800001 hash=d24aea82d822917e 
OK  overlap_batch normal stop_and_wait+F1+F6 seed=800002 hash=87ebac145d636d7d 
OK  overlap_batch normal stop_and_wait+F1+F6 seed=800003 hash=6d13ceb57564b1e5 
OK  overlap_batch normal stop_and_wait+F1+F6 seed=800004 hash=e38963a35c093e6b 
OK  overlap_batch normal stop_and_wait+F1+F6 seed=800005 hash=739d4b247c5d9e79 
OK  overlap_batch normal stop_and_wait+F1+F6 seed=800006 hash=222a63c73d4a7292 
OK  overlap_batch normal stop_and_wait+F1+F6 seed=800007 hash=cbf2ee5fc0ada0b9 
OK  overlap_batch normal stop_and_wait+F1+F6 seed=800008 hash=c212e1265c2d1bad 
OK  overlap_batch normal stop_and_wait+F1+F6 seed=800009 hash=e73912ede1b2d004 
OK  overlap_batch normal stop_and_wait+F1+F6 seed=800010 hash=916265ec7ef456db 
OK  overlap_batch normal stop_and_wait+F1+F6 seed=800011 hash=9b9e31f06770621d 
OK  overlap_batch normal stop_and_wait+F1+F6 seed=800012 hash=a2888f62c896873e 
OK  overlap_batch normal stop_and_wait+F1+F6 seed=800013 hash=04856fd0d99fdf69 
OK  overlap_batch normal stop_and_wait+F1+F6 seed=800014 hash=0231f2ba36fa1be8 
OK  overlap_batch normal stop_and_wait+F1+F6 seed=800015 hash=93fc8456510d7ce9 
OK  overlap_batch normal stop_and_wait+F1+F6 seed=800016 hash=8095422bec65c43b 
OK  overlap_batch normal stop_and_wait+F1+F6 seed=800017 hash=00bc0ae5b6388e9b 
OK  overlap_batch normal stop_and_wait+F1+F6 seed=800018 hash=0bfc73eda20babeb 
OK  overlap_batch normal stop_and_wait+F1+F6 seed=800019 hash=940613a953b2904a 
OK  overlap_batch normal stop_and_wait+F1+F6 seed=800020 hash=9853386cf9e46b99 
OK  overlap_batch normal stop_and_wait+F1+F6 seed=800021 hash=a0faf4d9c84593f2 
OK  overlap_batch normal stop_and_wait+F1+F6 seed=800022 hash=fd551646270a1f46 
OK  overlap_batch normal stop_and_wait+F1+F6 seed=800023 hash=552abeefcefd1cdd 
OK  overlap_batch normal stop_and_wait+F1+F6 seed=800024 hash=f559cca7a604bb8e 
OK  overlap_batch normal stop_and_wait+F1+F6 seed=800025 hash=d875dec946bde8f5 
OK  overlap_batch normal stop_and_wait+F1+F6 seed=800026 hash=4e1e54158e54c548 
OK  overlap_batch normal stop_and_wait+F1+F6 seed=800027 hash=292a9aa340173a7d 
OK  overlap_batch normal stop_and_wait+F1+F6 seed=800028 hash=c5d757a29c5a1ba8 
OK  overlap_batch normal stop_and_wait+F1+F6 seed=800029 hash=43b2fe62c1c66fec 
OK  overlap_batch normal stop_and_wait+F1+F6 seed=800030 hash=f61c6e382649c858 
OK  overlap_batch normal stop_and_wait+F1+F6 seed=800031 hash=2d39e507c9d871c0 
OK  overlap_batch normal stop_and_wait+F1+F6 seed=800032 hash=f17b277bab9540ca 
OK  overlap_batch normal stop_and_wait+F1+F6 seed=800033 hash=846bce4ec46e1e97 
OK  overlap_batch normal stop_and_wait+F1+F6 seed=800034 hash=c778b0214bf818fc 
OK  overlap_batch normal stop_and_wait+F1+F6 seed=800035 hash=3fe5c53114870302 
OK  overlap_batch normal stop_and_wait+F1+F6 seed=800036 hash=b0aa59c0bdfcb34e 
OK  overlap_batch normal stop_and_wait+F1+F6 seed=800037 hash=a176a9332d276894 
OK  overlap_batch normal stop_and_wait+F1+F6 seed=800038 hash=9d7649d3ccb5aa50 
OK  overlap_batch normal stop_and_wait+F1+F6 seed=800039 hash=6868e0a4b5bfda70 
OK  overlap_batch normal stop_and_wait+F1+F6 seed=800040 hash=862b92aebe3d9918 
OK  overlap_batch normal baseline+F1+F6 seed=800001 hash=079d2edcb64076d8 
OK  overlap_batch normal baseline+F1+F6 seed=800002 hash=e11ae8b358461260 
OK  overlap_batch normal baseline+F1+F6 seed=800003 hash=732a3cbd52479eff 
OK  overlap_batch normal baseline+F1+F6 seed=800004 hash=e16321e6c6b74b5b 
OK  overlap_batch normal baseline+F1+F6 seed=800005 hash=9150327a7ec3a6a3 
OK  overlap_batch normal baseline+F1+F6 seed=800006 hash=1f19bf5d4e24c35f 
OK  overlap_batch normal baseline+F1+F6 seed=800007 hash=849a5f0839addec2 
OK  overlap_batch normal baseline+F1+F6 seed=800008 hash=99ebe8f7425cf03f 
OK  overlap_batch normal baseline+F1+F6 seed=800009 hash=ef9675c0c012aaf3 
OK  overlap_batch normal baseline+F1+F6 seed=800010 hash=78924711bc0542ef 
OK  overlap_batch normal baseline+F1+F6 seed=800011 hash=4c9adf3d9dc1db16 
OK  overlap_batch normal baseline+F1+F6 seed=800012 hash=b3cc8a407bfdc5e1 
OK  overlap_batch normal baseline+F1+F6 seed=800013 hash=8fc7baae98b12735 
OK  overlap_batch normal baseline+F1+F6 seed=800014 hash=289c08f2f142d734 
OK  overlap_batch normal baseline+F1+F6 seed=800015 hash=823fa38b61bfb0d2 
OK  overlap_batch normal baseline+F1+F6 seed=800016 hash=b6a16508392f3777 
OK  overlap_batch normal baseline+F1+F6 seed=800017 hash=4117c5028442d79f 
OK  overlap_batch normal baseline+F1+F6 seed=800018 hash=61d0013f21521c43 
OK  overlap_batch normal baseline+F1+F6 seed=800019 hash=4500f591e188a4ff 
OK  overlap_batch normal baseline+F1+F6 seed=800020 hash=b057ec2780ab5dbd 
OK  overlap_batch normal baseline+F1+F6 seed=800021 hash=f2084bb55c613fac 
OK  overlap_batch normal baseline+F1+F6 seed=800022 hash=4229924aefb50352 
OK  overlap_batch normal baseline+F1+F6 seed=800023 hash=6950a1c73190c610 
OK  overlap_batch normal baseline+F1+F6 seed=800024 hash=3bce7558f0833201 
OK  overlap_batch normal baseline+F1+F6 seed=800025 hash=454ffecf7ac8257e 
OK  overlap_batch normal baseline+F1+F6 seed=800026 hash=77476f9d1664b74e 
OK  overlap_batch normal baseline+F1+F6 seed=800027 hash=a4ec5bff8f5c1369 
OK  overlap_batch normal baseline+F1+F6 seed=800028 hash=8624ba736a652ecc 
OK  overlap_batch normal baseline+F1+F6 seed=800029 hash=cb464e344c79555b 
OK  overlap_batch normal baseline+F1+F6 seed=800030 hash=02e2b73794cad2ed 
OK  overlap_batch normal baseline+F1+F6 seed=800031 hash=0e70ecdca23639ca 
OK  overlap_batch normal baseline+F1+F6 seed=800032 hash=cdf973a18a99e9a5 
OK  overlap_batch normal baseline+F1+F6 seed=800033 hash=6895d2cc75d82a7d 
OK  overlap_batch normal baseline+F1+F6 seed=800034 hash=c4fb6724c92c7624 
OK  overlap_batch normal baseline+F1+F6 seed=800035 hash=40202f6ec791ce69 
OK  overlap_batch normal baseline+F1+F6 seed=800036 hash=c233bc9a4e4a29a4 
OK  overlap_batch normal baseline+F1+F6 seed=800037 hash=f697c8d2f8080386 
OK  overlap_batch normal baseline+F1+F6 seed=800038 hash=82e2c42087dd312c 
OK  overlap_batch normal baseline+F1+F6 seed=800039 hash=23f63f107175e8b4 
OK  overlap_batch normal baseline+F1+F6 seed=800040 hash=c97771578b9dd7f5 
OK  overlap_batch normal swarmos+F1+F3+F5+F6 seed=800001 hash=f8d6f92e885d312b 
OK  overlap_batch normal swarmos+F1+F3+F5+F6 seed=800002 hash=8d70cb5072fc833b 
OK  overlap_batch normal swarmos+F1+F3+F5+F6 seed=800003 hash=9e1e21aa5d5f6bda 
OK  overlap_batch normal swarmos+F1+F3+F5+F6 seed=800004 hash=974a084e03ad63df 
OK  overlap_batch normal swarmos+F1+F3+F5+F6 seed=800005 hash=4613756da9e257e0 
OK  overlap_batch normal swarmos+F1+F3+F5+F6 seed=800006 hash=88abc72e0d839869 
OK  overlap_batch normal swarmos+F1+F3+F5+F6 seed=800007 hash=af9d521a51f43d2c 
OK  overlap_batch normal swarmos+F1+F3+F5+F6 seed=800008 hash=0398f0547cad7ac5 
OK  overlap_batch normal swarmos+F1+F3+F5+F6 seed=800009 hash=c365cc2729e6633b 
OK  overlap_batch normal swarmos+F1+F3+F5+F6 seed=800010 hash=d837770de97aa6fb 
OK  overlap_batch normal swarmos+F1+F3+F5+F6 seed=800011 hash=e09ea81cfae75be0 
OK  overlap_batch normal swarmos+F1+F3+F5+F6 seed=800012 hash=66885f314ebd8b7c 
OK  overlap_batch normal swarmos+F1+F3+F5+F6 seed=800013 hash=c7c08fcc7aede355 
OK  overlap_batch normal swarmos+F1+F3+F5+F6 seed=800014 hash=d863d4c6fac216d1 
OK  overlap_batch normal swarmos+F1+F3+F5+F6 seed=800015 hash=6e575b062622da7e 
OK  overlap_batch normal swarmos+F1+F3+F5+F6 seed=800016 hash=6adc3c204eb9352d 
OK  overlap_batch normal swarmos+F1+F3+F5+F6 seed=800017 hash=dc5eba7ed439e5d7 
OK  overlap_batch normal swarmos+F1+F3+F5+F6 seed=800018 hash=259cb4978db55073 
OK  overlap_batch normal swarmos+F1+F3+F5+F6 seed=800019 hash=b9e726d63c6afdcb 
OK  overlap_batch normal swarmos+F1+F3+F5+F6 seed=800020 hash=0eefb46190dba16e 
OK  overlap_batch normal swarmos+F1+F3+F5+F6 seed=800021 hash=1383dcb37176304a 
OK  overlap_batch normal swarmos+F1+F3+F5+F6 seed=800022 hash=ba5d6acb4b71d451 
OK  overlap_batch normal swarmos+F1+F3+F5+F6 seed=800023 hash=42195bc266652022 
OK  overlap_batch normal swarmos+F1+F3+F5+F6 seed=800024 hash=c3b905fec8252f78 
OK  overlap_batch normal swarmos+F1+F3+F5+F6 seed=800025 hash=37b7f9dbb448a687 
OK  overlap_batch normal swarmos+F1+F3+F5+F6 seed=800026 hash=d29ff2a0935f033f 
OK  overlap_batch normal swarmos+F1+F3+F5+F6 seed=800027 hash=00f60849c5accd67 
OK  overlap_batch normal swarmos+F1+F3+F5+F6 seed=800028 hash=e1c72440d39a8918 
OK  overlap_batch normal swarmos+F1+F3+F5+F6 seed=800029 hash=76612fe5a4573e07 
OK  overlap_batch normal swarmos+F1+F3+F5+F6 seed=800030 hash=a47b022c15ba26c5 
OK  overlap_batch normal swarmos+F1+F3+F5+F6 seed=800031 hash=c6886dd3c090b688 
OK  overlap_batch normal swarmos+F1+F3+F5+F6 seed=800032 hash=02652783f68a3970 
OK  overlap_batch normal swarmos+F1+F3+F5+F6 seed=800033 hash=d3665a75c45034fa 
OK  overlap_batch normal swarmos+F1+F3+F5+F6 seed=800034 hash=233b07dfae65b60b 
OK  overlap_batch normal swarmos+F1+F3+F5+F6 seed=800035 hash=5d39031348c390e6 
OK  overlap_batch normal swarmos+F1+F3+F5+F6 seed=800036 hash=b8a9bfb0b1da719d 
OK  overlap_batch normal swarmos+F1+F3+F5+F6 seed=800037 hash=862820858d7b3f0a 
OK  overlap_batch normal swarmos+F1+F3+F5+F6 seed=800038 hash=20836b6bf0d970d1 
OK  overlap_batch normal swarmos+F1+F3+F5+F6 seed=800039 hash=be33af87b40b26b5 
OK  overlap_batch normal swarmos+F1+F3+F5+F6 seed=800040 hash=88636c6dd2df2573 
OK  open_floor_batch normal stop_and_wait+F1+F6 seed=800001 hash=066f044710d95a41 
OK  open_floor_batch normal stop_and_wait+F1+F6 seed=800002 hash=26deaac73412bbd1 
OK  open_floor_batch normal stop_and_wait+F1+F6 seed=800003 hash=c5bdec4214500218 
OK  open_floor_batch normal stop_and_wait+F1+F6 seed=800004 hash=05b0183bf3422294 
OK  open_floor_batch normal stop_and_wait+F1+F6 seed=800005 hash=ecc4fc198facbb81 
OK  open_floor_batch normal stop_and_wait+F1+F6 seed=800006 hash=3372a4c777a75dd3 
OK  open_floor_batch normal stop_and_wait+F1+F6 seed=800007 hash=c3b9d6f5770ac623 
OK  open_floor_batch normal stop_and_wait+F1+F6 seed=800008 hash=10f6c00c4d91a090 
OK  open_floor_batch normal stop_and_wait+F1+F6 seed=800009 hash=4c905c610da6cb04 
OK  open_floor_batch normal stop_and_wait+F1+F6 seed=800010 hash=f45d034c83ffb1b8 
OK  open_floor_batch normal stop_and_wait+F1+F6 seed=800011 hash=d37896e1d80cc348 
OK  open_floor_batch normal stop_and_wait+F1+F6 seed=800012 hash=5c23389758558068 
OK  open_floor_batch normal stop_and_wait+F1+F6 seed=800013 hash=63fc9fc1945496eb 
OK  open_floor_batch normal stop_and_wait+F1+F6 seed=800014 hash=59a758e3446691c1 
OK  open_floor_batch normal stop_and_wait+F1+F6 seed=800015 hash=4e972b0b70c0ff50 
OK  open_floor_batch normal stop_and_wait+F1+F6 seed=800016 hash=46a9979a7f46fe32 
OK  open_floor_batch normal stop_and_wait+F1+F6 seed=800017 hash=3c7c26835809e09a 
OK  open_floor_batch normal stop_and_wait+F1+F6 seed=800018 hash=712bc093df2177b5 
OK  open_floor_batch normal stop_and_wait+F1+F6 seed=800019 hash=c2401ab82fd7f9ca 
OK  open_floor_batch normal stop_and_wait+F1+F6 seed=800020 hash=d6de07be6291f655 
OK  open_floor_batch normal stop_and_wait+F1+F6 seed=800021 hash=f0531523f9bc7635 
OK  open_floor_batch normal stop_and_wait+F1+F6 seed=800022 hash=61d81f4573ba7f4d 
OK  open_floor_batch normal stop_and_wait+F1+F6 seed=800023 hash=faee46d83a52f5f7 
OK  open_floor_batch normal stop_and_wait+F1+F6 seed=800024 hash=99fd8b521488b9fe 
OK  open_floor_batch normal stop_and_wait+F1+F6 seed=800025 hash=7a10160c199c9301 
OK  open_floor_batch normal stop_and_wait+F1+F6 seed=800026 hash=c04f896b4cdf09bc 
OK  open_floor_batch normal stop_and_wait+F1+F6 seed=800027 hash=b28f35d60177a253 
OK  open_floor_batch normal stop_and_wait+F1+F6 seed=800028 hash=778add051ac16ed0 
OK  open_floor_batch normal stop_and_wait+F1+F6 seed=800029 hash=394a741cd472caf9 
OK  open_floor_batch normal stop_and_wait+F1+F6 seed=800030 hash=c9dc617b34e3357e 
OK  open_floor_batch normal stop_and_wait+F1+F6 seed=800031 hash=1c2c9973bb87a50d 
OK  open_floor_batch normal stop_and_wait+F1+F6 seed=800032 hash=e1cfb9edcde994f8 
OK  open_floor_batch normal stop_and_wait+F1+F6 seed=800033 hash=d599bf1712b1bba1 
OK  open_floor_batch normal stop_and_wait+F1+F6 seed=800034 hash=e92e852b1289cd1b 
OK  open_floor_batch normal stop_and_wait+F1+F6 seed=800035 hash=e6fefbfca4836cea 
OK  open_floor_batch normal stop_and_wait+F1+F6 seed=800036 hash=fa28e1242b991af9 
OK  open_floor_batch normal stop_and_wait+F1+F6 seed=800037 hash=2b68b2690747165a 
OK  open_floor_batch normal stop_and_wait+F1+F6 seed=800038 hash=d0d9a9dae163eba7 
OK  open_floor_batch normal stop_and_wait+F1+F6 seed=800039 hash=835b3d839e4afad0 
OK  open_floor_batch normal stop_and_wait+F1+F6 seed=800040 hash=cf34db7a6c096633 
OK  open_floor_batch normal baseline+F1+F6 seed=800001 hash=5602f32604b8d6aa 
OK  open_floor_batch normal baseline+F1+F6 seed=800002 hash=3ba13824dc7f2f60 
OK  open_floor_batch normal baseline+F1+F6 seed=800003 hash=29320fe1928040a4 
OK  open_floor_batch normal baseline+F1+F6 seed=800004 hash=2e5b24439b54a13f 
OK  open_floor_batch normal baseline+F1+F6 seed=800005 hash=d37a16f50399863e 
OK  open_floor_batch normal baseline+F1+F6 seed=800006 hash=764e2c9429c67a07 
OK  open_floor_batch normal baseline+F1+F6 seed=800007 hash=2787de349ef0342a 
OK  open_floor_batch normal baseline+F1+F6 seed=800008 hash=2d3ebc9d57e6356e 
OK  open_floor_batch normal baseline+F1+F6 seed=800009 hash=c206bd70adfac8de 
OK  open_floor_batch normal baseline+F1+F6 seed=800010 hash=f85b6662fa9c38c1 
OK  open_floor_batch normal baseline+F1+F6 seed=800011 hash=2d53fb616d9e1ad8 
OK  open_floor_batch normal baseline+F1+F6 seed=800012 hash=8956dd37e30c6688 
OK  open_floor_batch normal baseline+F1+F6 seed=800013 hash=e37394c9f7e8d65a 
OK  open_floor_batch normal baseline+F1+F6 seed=800014 hash=fdc45870938cd6c4 
OK  open_floor_batch normal baseline+F1+F6 seed=800015 hash=0a2c768dcd32e22b 
OK  open_floor_batch normal baseline+F1+F6 seed=800016 hash=b3a807d26120644d 
OK  open_floor_batch normal baseline+F1+F6 seed=800017 hash=409cddd4bd17306c 
OK  open_floor_batch normal baseline+F1+F6 seed=800018 hash=30c4ae880655eac5 
OK  open_floor_batch normal baseline+F1+F6 seed=800019 hash=93e2be6c53a38d5d 
OK  open_floor_batch normal baseline+F1+F6 seed=800020 hash=44b314ce535f447d 
OK  open_floor_batch normal baseline+F1+F6 seed=800021 hash=809b1653ea105c35 
OK  open_floor_batch normal baseline+F1+F6 seed=800022 hash=eecde0eb68a461cd 
OK  open_floor_batch normal baseline+F1+F6 seed=800023 hash=d10820fdf5b892dc 
OK  open_floor_batch normal baseline+F1+F6 seed=800024 hash=0e0ef9870835365c 
OK  open_floor_batch normal baseline+F1+F6 seed=800025 hash=02b27a52c2df7456 
OK  open_floor_batch normal baseline+F1+F6 seed=800026 hash=76a7ef9c69dcd38c 
OK  open_floor_batch normal baseline+F1+F6 seed=800027 hash=7c751e4bc44a8377 
OK  open_floor_batch normal baseline+F1+F6 seed=800028 hash=3c3b043ef5c23b19 
OK  open_floor_batch normal baseline+F1+F6 seed=800029 hash=a51d4ff7405e4abc 
OK  open_floor_batch normal baseline+F1+F6 seed=800030 hash=6205e79221a7c008 
OK  open_floor_batch normal baseline+F1+F6 seed=800031 hash=3fa167ae2ac9e2b9 
OK  open_floor_batch normal baseline+F1+F6 seed=800032 hash=f5daede5411a7146 
OK  open_floor_batch normal baseline+F1+F6 seed=800033 hash=8263b19e90d19295 
OK  open_floor_batch normal baseline+F1+F6 seed=800034 hash=2074fc629398b01f 
OK  open_floor_batch normal baseline+F1+F6 seed=800035 hash=fa85645af0ddd319 
OK  open_floor_batch normal baseline+F1+F6 seed=800036 hash=5a1bf69e8e3b3fda 
OK  open_floor_batch normal baseline+F1+F6 seed=800037 hash=0455fcd34e6d96a4 
OK  open_floor_batch normal baseline+F1+F6 seed=800038 hash=965225bc55f20e58 
OK  open_floor_batch normal baseline+F1+F6 seed=800039 hash=47e62c3a485cfc69 
OK  open_floor_batch normal baseline+F1+F6 seed=800040 hash=b9488f19f31a13f8 
OK  open_floor_batch normal swarmos+F1+F3+F5+F6 seed=800001 hash=33c55ec5e64d7325 
OK  open_floor_batch normal swarmos+F1+F3+F5+F6 seed=800002 hash=726fbbed022e4bd1 
OK  open_floor_batch normal swarmos+F1+F3+F5+F6 seed=800003 hash=89d04d78986c9fed 
OK  open_floor_batch normal swarmos+F1+F3+F5+F6 seed=800004 hash=2c4e7ac6ae5e0bb4 
OK  open_floor_batch normal swarmos+F1+F3+F5+F6 seed=800005 hash=991b3e7e8c183b36 
OK  open_floor_batch normal swarmos+F1+F3+F5+F6 seed=800006 hash=e72be87fc7492705 
OK  open_floor_batch normal swarmos+F1+F3+F5+F6 seed=800007 hash=16d35bf8e50a3e5c 
OK  open_floor_batch normal swarmos+F1+F3+F5+F6 seed=800008 hash=38e831407506c5cf 
OK  open_floor_batch normal swarmos+F1+F3+F5+F6 seed=800009 hash=b1b4e3272f17856d 
OK  open_floor_batch normal swarmos+F1+F3+F5+F6 seed=800010 hash=7ff8cf577c8e0b90 
OK  open_floor_batch normal swarmos+F1+F3+F5+F6 seed=800011 hash=4b6370b7fdcc2a8b 
OK  open_floor_batch normal swarmos+F1+F3+F5+F6 seed=800012 hash=8aef95b83037b535 
OK  open_floor_batch normal swarmos+F1+F3+F5+F6 seed=800013 hash=f590c01498b599e9 
OK  open_floor_batch normal swarmos+F1+F3+F5+F6 seed=800014 hash=d9a56b523714b9e8 
OK  open_floor_batch normal swarmos+F1+F3+F5+F6 seed=800015 hash=7c234515e95357e0 
OK  open_floor_batch normal swarmos+F1+F3+F5+F6 seed=800016 hash=c1b8c324feaf684a 
OK  open_floor_batch normal swarmos+F1+F3+F5+F6 seed=800017 hash=fc88d92a784e1279 
OK  open_floor_batch normal swarmos+F1+F3+F5+F6 seed=800018 hash=18c908527df7a297 
OK  open_floor_batch normal swarmos+F1+F3+F5+F6 seed=800019 hash=c76bc17121f03283 
OK  open_floor_batch normal swarmos+F1+F3+F5+F6 seed=800020 hash=82115238e93fc97c 
OK  open_floor_batch normal swarmos+F1+F3+F5+F6 seed=800021 hash=c5565ea97aa9faa0 
OK  open_floor_batch normal swarmos+F1+F3+F5+F6 seed=800022 hash=41ecfce63b3e6f93 
OK  open_floor_batch normal swarmos+F1+F3+F5+F6 seed=800023 hash=0a6137a0487882af 
OK  open_floor_batch normal swarmos+F1+F3+F5+F6 seed=800024 hash=87de58ff9a2e9a7c 
OK  open_floor_batch normal swarmos+F1+F3+F5+F6 seed=800025 hash=7049f20b9ff292f3 
OK  open_floor_batch normal swarmos+F1+F3+F5+F6 seed=800026 hash=a2763dea9bdf4083 
OK  open_floor_batch normal swarmos+F1+F3+F5+F6 seed=800027 hash=93df450de9dcec91 
OK  open_floor_batch normal swarmos+F1+F3+F5+F6 seed=800028 hash=a8865bdaee51993f 
OK  open_floor_batch normal swarmos+F1+F3+F5+F6 seed=800029 hash=16c47db0e626f2f2 
OK  open_floor_batch normal swarmos+F1+F3+F5+F6 seed=800030 hash=7470afbf1ccab8ff 
OK  open_floor_batch normal swarmos+F1+F3+F5+F6 seed=800031 hash=9039531759ebe44f 
OK  open_floor_batch normal swarmos+F1+F3+F5+F6 seed=800032 hash=a56bbf4ecfd5a31a 
OK  open_floor_batch normal swarmos+F1+F3+F5+F6 seed=800033 hash=f09b30cbbbac2d8b 
OK  open_floor_batch normal swarmos+F1+F3+F5+F6 seed=800034 hash=f1d0435fb7ff2d22 
OK  open_floor_batch normal swarmos+F1+F3+F5+F6 seed=800035 hash=69bba503c0ef0968 
OK  open_floor_batch normal swarmos+F1+F3+F5+F6 seed=800036 hash=bf0fb0aa71133099 
OK  open_floor_batch normal swarmos+F1+F3+F5+F6 seed=800037 hash=62b48e392cfa43d2 
OK  open_floor_batch normal swarmos+F1+F3+F5+F6 seed=800038 hash=fd94d84d664b8413 
OK  open_floor_batch normal swarmos+F1+F3+F5+F6 seed=800039 hash=2dba9629d454c536 
OK  open_floor_batch normal swarmos+F1+F3+F5+F6 seed=800040 hash=3a451143c513a231 
240/240 reproduced exactly
exit=0
